Archive member included because of file (symbol)

../src/src.a(default_lowlevel.o)
                              obj_redbee-econotag_board/dflash.o (default_vreg_init)
../src/src.a(isr.o)           ../src/start-romvars.o (irq)
../src/src.a(swi.o)           obj_redbee-econotag_board/dflash.o (supercheck)
../src/src.a(pinio.o)         obj_redbee-econotag_board/dflash.o (pinFunc)
obj_redbee-econotag_board/board.a(put.o)
                              obj_redbee-econotag_board/dflash.o (putstr)
../lib/libmc1322x.a(nvm.o)    obj_redbee-econotag_board/dflash.o (nvm_detect)
../lib/libmc1322x.a(uart1.o)  ../src/src.a(default_lowlevel.o) (u1_head)

Discarded input sections

 .note.GNU-stack
                0x0000000000000000        0x0 obj_redbee-econotag_board/dflash.o
 .note.GNU-stack
                0x0000000000000000        0x0 ../src/src.a(default_lowlevel.o)
 .note.GNU-stack
                0x0000000000000000        0x0 ../src/src.a(isr.o)
 .note.GNU-stack
                0x0000000000000000        0x0 ../src/src.a(swi.o)
 .note.GNU-stack
                0x0000000000000000        0x0 ../src/src.a(pinio.o)
 .note.GNU-stack
                0x0000000000000000        0x0 obj_redbee-econotag_board/board.a(put.o)
 .note.GNU-stack
                0x0000000000000000        0x0 ../lib/libmc1322x.a(nvm.o)
 .note.GNU-stack
                0x0000000000000000        0x0 ../lib/libmc1322x.a(uart1.o)

Memory Configuration

Name             Origin             Length             Attributes
*default*        0x0000000000000000 0xffffffffffffffff

Linker script and memory map

LOAD obj_redbee-econotag_board/dflash.o
LOAD ../src/start-romvars.o
LOAD ../src/src.a
LOAD obj_redbee-econotag_board/board.a
LOAD ../lib/libmc1322x.a
LOAD /home/bc/Desktop/badge/mc1322x-oe/tmp/staging/armv4t-linux/usr/lib/libm.a
START GROUP
LOAD /home/bc/Desktop/badge/mc1322x-oe/tmp/cross/armv4t/lib/gcc/arm-linux/4.3.2/libgcc.a
LOAD /home/bc/Desktop/badge/mc1322x-oe/tmp/cross/armv4t/lib/gcc/arm-linux/4.3.2/libgcc_eh.a
LOAD /home/bc/Desktop/badge/mc1322x-oe/tmp/staging/armv4t-linux/usr/lib/libc.a
END GROUP
                0x0000000000000400                SYS_STACK_SIZE = 0x400
                0x0000000000000100                IRQ_STACK_SIZE = 0x100
                0x0000000000000100                FIQ_STACK_SIZE = 0x100
                0x0000000000000100                SVC_STACK_SIZE = 0x100
                0x0000000000000010                ABT_STACK_SIZE = 0x10
                0x0000000000000010                UND_STACK_SIZE = 0x10
                0x0000000000000400                HEAP_SIZE = 0x400
                0x0000000000400000                PROVIDE (__executable_start, 0x400000)
                0x0000000000400000                . = 0x400000

.text           0x0000000000400000     0x1c10
 *start*.o(.text)
 .text          0x0000000000400000      0xfe0 ../src/start-romvars.o
                0x0000000000400864                _bss_start
                0x0000000000400868                _bss_end
                0x0000000000400860                _armboot_start
                0x0000000000400000                _start
                0x0000000000400fc0                reset_cpu
 *(.irq)
 .irq           0x0000000000400fe0      0x164 ../src/src.a(isr.o)
                0x0000000000400fe0                irq
 *(.text .stub .text.* .gnu.linkonce.t.*)
 .text          0x0000000000401144        0x0 obj_redbee-econotag_board/dflash.o
 .text.getc     0x0000000000401144       0x30 obj_redbee-econotag_board/dflash.o
                0x0000000000401144                getc
                0x000000000040114c                .real_start_ofgetc
 .text.flushrx  0x0000000000401174       0x30 obj_redbee-econotag_board/dflash.o
                0x000000000040117c                .real_start_offlushrx
                0x0000000000401174                flushrx
 .text.from_hex
                0x00000000004011a4       0x48 obj_redbee-econotag_board/dflash.o
                0x00000000004011ac                .real_start_offrom_hex
                0x00000000004011a4                from_hex
 .text.to_u32   0x00000000004011ec       0x50 obj_redbee-econotag_board/dflash.o
                0x00000000004011f4                .real_start_ofto_u32
                0x00000000004011ec                to_u32
 .text.main     0x000000000040123c      0x354 obj_redbee-econotag_board/dflash.o
                0x0000000000401244                .real_start_ofmain
                0x000000000040123c                main
 .text.callswi  0x0000000000401590       0x3c obj_redbee-econotag_board/dflash.o
                0x0000000000401598                .real_start_ofcallswi
                0x0000000000401590                callswi
 .text          0x00000000004015cc        0x0 ../src/src.a(default_lowlevel.o)
 .text.default_vreg_init
                0x00000000004015cc       0x48 ../src/src.a(default_lowlevel.o)
                0x00000000004015d4                .real_start_ofdefault_vreg_init
                0x00000000004015cc                default_vreg_init
 .text.uart1_init
                0x0000000000401614       0x74 ../src/src.a(default_lowlevel.o)
                0x0000000000401614                uart1_init
                0x000000000040161c                .real_start_ofuart1_init
 .text          0x0000000000401688        0x0 ../src/src.a(isr.o)
 .text          0x0000000000401688        0x0 ../src/src.a(swi.o)
 .text.realswi  0x0000000000401688       0x38 ../src/src.a(swi.o)
                0x0000000000401688                realswi
 .text.supercheck
                0x00000000004016c0       0x38 ../src/src.a(swi.o)
                0x00000000004016c0                supercheck
 .text          0x00000000004016f8        0x0 ../src/src.a(pinio.o)
 .text.pinFunc  0x00000000004016f8       0x5c ../src/src.a(pinio.o)
                0x00000000004016f8                pinFunc
                0x0000000000401700                .real_start_ofpinFunc
 .text.pinPullupSelect
                0x0000000000401754       0x3c ../src/src.a(pinio.o)
                0x0000000000401754                pinPullupSelect
                0x000000000040175c                .real_start_ofpinPullupSelect
 .text.pinPullupEnable
                0x0000000000401790       0x3c ../src/src.a(pinio.o)
                0x0000000000401790                pinPullupEnable
                0x0000000000401798                .real_start_ofpinPullupEnable
 .text.pinDirection
                0x00000000004017cc       0x3c ../src/src.a(pinio.o)
                0x00000000004017cc                pinDirection
                0x00000000004017d4                .real_start_ofpinDirection
 .text.shiftMsb
                0x0000000000401808       0xb8 ../src/src.a(pinio.o)
                0x0000000000401810                .real_start_ofshiftMsb
                0x0000000000401808                shiftMsb
 .text.setPin   0x00000000004018c0       0x44 ../src/src.a(pinio.o)
                0x00000000004018c0                setPin
                0x00000000004018c8                .real_start_ofsetPin
 .text.getPin   0x0000000000401904       0x30 ../src/src.a(pinio.o)
                0x000000000040190c                .real_start_ofgetPin
                0x0000000000401904                getPin
 .text          0x0000000000401934        0x0 obj_redbee-econotag_board/board.a(put.o)
 .text.putchr   0x0000000000401934       0x24 obj_redbee-econotag_board/board.a(put.o)
                0x000000000040193c                .real_start_ofputchr
                0x0000000000401934                putchr
 .text.putstr   0x0000000000401958       0x34 obj_redbee-econotag_board/board.a(put.o)
                0x0000000000401960                .real_start_ofputstr
                0x0000000000401958                putstr
 .text.put_hex  0x000000000040198c       0x48 obj_redbee-econotag_board/board.a(put.o)
                0x0000000000401994                .real_start_ofput_hex
                0x000000000040198c                put_hex
 .text.put_hex16
                0x00000000004019d4       0x78 obj_redbee-econotag_board/board.a(put.o)
                0x00000000004019d4                put_hex16
                0x00000000004019dc                .real_start_ofput_hex16
 .text.put_hex32
                0x0000000000401a4c       0xcc obj_redbee-econotag_board/board.a(put.o)
                0x0000000000401a54                .real_start_ofput_hex32
                0x0000000000401a4c                put_hex32
 .text          0x0000000000401b18        0x0 ../lib/libmc1322x.a(nvm.o)
 .text          0x0000000000401b18        0x0 ../lib/libmc1322x.a(uart1.o)
 .text.uart1_isr
                0x0000000000401b18       0x60 ../lib/libmc1322x.a(uart1.o)
                0x0000000000401b18                uart1_isr
                0x0000000000401b20                .real_start_ofuart1_isr
 .text.uart1_putc
                0x0000000000401b78       0x74 ../lib/libmc1322x.a(uart1.o)
                0x0000000000401b80                .real_start_ofuart1_putc
                0x0000000000401b78                uart1_putc
 .text.uart1_getc
                0x0000000000401bec       0x24 ../lib/libmc1322x.a(uart1.o)
                0x0000000000401bec                uart1_getc
                0x0000000000401bf4                .real_start_ofuart1_getc
 *(.gnu.warning)
 *(.glue_7t)
 .glue_7t       0x0000000000401c10        0x0 obj_redbee-econotag_board/dflash.o
 .glue_7t       0x0000000000401c10        0x0 ../src/start-romvars.o
 .glue_7t       0x0000000000401c10        0x0 ../src/src.a(default_lowlevel.o)
 .glue_7t       0x0000000000401c10        0x0 ../src/src.a(isr.o)
 .glue_7t       0x0000000000401c10        0x0 ../src/src.a(swi.o)
 .glue_7t       0x0000000000401c10        0x0 ../src/src.a(pinio.o)
 .glue_7t       0x0000000000401c10        0x0 obj_redbee-econotag_board/board.a(put.o)
 .glue_7t       0x0000000000401c10        0x0 ../lib/libmc1322x.a(nvm.o)
 .glue_7t       0x0000000000401c10        0x0 ../lib/libmc1322x.a(uart1.o)
 *(.glue_7)
 .glue_7        0x0000000000401c10        0x0 obj_redbee-econotag_board/dflash.o
 .glue_7        0x0000000000401c10        0x0 ../src/start-romvars.o
 .glue_7        0x0000000000401c10        0x0 ../src/src.a(default_lowlevel.o)
 .glue_7        0x0000000000401c10        0x0 ../src/src.a(isr.o)
 .glue_7        0x0000000000401c10        0x0 ../src/src.a(swi.o)
 .glue_7        0x0000000000401c10        0x0 ../src/src.a(pinio.o)
 .glue_7        0x0000000000401c10        0x0 obj_redbee-econotag_board/board.a(put.o)
 .glue_7        0x0000000000401c10        0x0 ../lib/libmc1322x.a(nvm.o)
 .glue_7        0x0000000000401c10        0x0 ../lib/libmc1322x.a(uart1.o)
 *(.vfp11_veneer)
 .vfp11_veneer  0x0000000000401c10        0x0 obj_redbee-econotag_board/dflash.o
 .vfp11_veneer  0x0000000000401c10        0x0 ../src/start-romvars.o
 .vfp11_veneer  0x0000000000401c10        0x0 ../src/src.a(default_lowlevel.o)
 .vfp11_veneer  0x0000000000401c10        0x0 ../src/src.a(isr.o)
 .vfp11_veneer  0x0000000000401c10        0x0 ../src/src.a(swi.o)
 .vfp11_veneer  0x0000000000401c10        0x0 ../src/src.a(pinio.o)
 .vfp11_veneer  0x0000000000401c10        0x0 obj_redbee-econotag_board/board.a(put.o)
 .vfp11_veneer  0x0000000000401c10        0x0 ../lib/libmc1322x.a(nvm.o)
 .vfp11_veneer  0x0000000000401c10        0x0 ../lib/libmc1322x.a(uart1.o)
 *(.v4_bx)
 .v4_bx         0x0000000000401c10        0x0 obj_redbee-econotag_board/dflash.o
 .v4_bx         0x0000000000401c10        0x0 ../src/start-romvars.o
 .v4_bx         0x0000000000401c10        0x0 ../src/src.a(default_lowlevel.o)
 .v4_bx         0x0000000000401c10        0x0 ../src/src.a(isr.o)
 .v4_bx         0x0000000000401c10        0x0 ../src/src.a(swi.o)
 .v4_bx         0x0000000000401c10        0x0 ../src/src.a(pinio.o)
 .v4_bx         0x0000000000401c10        0x0 obj_redbee-econotag_board/board.a(put.o)
 .v4_bx         0x0000000000401c10        0x0 ../lib/libmc1322x.a(nvm.o)
 .v4_bx         0x0000000000401c10        0x0 ../lib/libmc1322x.a(uart1.o)

.swi            0x0000000000401c10       0x6c
 .swi           0x0000000000401c10       0x6c ../src/src.a(swi.o)
                0x0000000000401c10                software_interrupt

.stack          0x0000000000401c7c      0x720
                0x0000000000401c7c                __stack_start__ = .
                0x0000000000401d7c                . = (. + IRQ_STACK_SIZE)
 *fill*         0x0000000000401c7c      0x100 00
                0x0000000000401d7c                . = ALIGN (0x4)
                0x0000000000401d7c                __irq_stack_top__ = .
                0x0000000000401e7c                . = (. + FIQ_STACK_SIZE)
 *fill*         0x0000000000401d7c      0x100 00
                0x0000000000401e7c                . = ALIGN (0x4)
                0x0000000000401e7c                __fiq_stack_top__ = .
                0x0000000000401f7c                . = (. + SVC_STACK_SIZE)
 *fill*         0x0000000000401e7c      0x100 00
                0x0000000000401f7c                . = ALIGN (0x4)
                0x0000000000401f7c                __svc_stack_top__ = .
                0x0000000000401f8c                . = (. + ABT_STACK_SIZE)
 *fill*         0x0000000000401f7c       0x10 00
                0x0000000000401f8c                . = ALIGN (0x4)
                0x0000000000401f8c                __abt_stack_top__ = .
                0x0000000000401f9c                . = (. + UND_STACK_SIZE)
 *fill*         0x0000000000401f8c       0x10 00
                0x0000000000401f9c                . = ALIGN (0x4)
                0x0000000000401f9c                __und_stack_top__ = .
                0x000000000040239c                . = (. + SYS_STACK_SIZE)
 *fill*         0x0000000000401f9c      0x400 00
                0x000000000040239c                . = ALIGN (0x4)
                0x000000000040239c                __sys_stack_top__ = .
                0x000000000040239c                __stack_end__ = .

.interp
 *(.interp)

.note.gnu.build-id
 *(.note.gnu.build-id)

.hash
 *(.hash)

.gnu.hash
 *(.gnu.hash)

.dynsym
 *(.dynsym)

.dynstr
 *(.dynstr)

.gnu.version
 *(.gnu.version)

.gnu.version_d
 *(.gnu.version_d)

.gnu.version_r
 *(.gnu.version_r)

.rel.dyn
 *(.rel.init)
 *(.rel.text .rel.text.* .rel.gnu.linkonce.t.*)
 *(.rel.fini)
 *(.rel.rodata .rel.rodata.* .rel.gnu.linkonce.r.*)
 *(.rel.data.rel.ro* .rel.gnu.linkonce.d.rel.ro.*)
 *(.rel.data .rel.data.* .rel.gnu.linkonce.d.*)
 *(.rel.tdata .rel.tdata.* .rel.gnu.linkonce.td.*)
 *(.rel.tbss .rel.tbss.* .rel.gnu.linkonce.tb.*)
 *(.rel.ctors)
 *(.rel.dtors)
 *(.rel.got)
 *(.rel.bss .rel.bss.* .rel.gnu.linkonce.b.*)

.rela.dyn
 *(.rela.init)
 *(.rela.text .rela.text.* .rela.gnu.linkonce.t.*)
 *(.rela.fini)
 *(.rela.rodata .rela.rodata.* .rela.gnu.linkonce.r.*)
 *(.rela.data .rela.data.* .rela.gnu.linkonce.d.*)
 *(.rela.tdata .rela.tdata.* .rela.gnu.linkonce.td.*)
 *(.rela.tbss .rela.tbss.* .rela.gnu.linkonce.tb.*)
 *(.rela.ctors)
 *(.rela.dtors)
 *(.rela.got)
 *(.rela.bss .rela.bss.* .rela.gnu.linkonce.b.*)

.rel.plt
 *(.rel.plt)

.rela.plt
 *(.rela.plt)

.init
 *(.init)

.plt
 *(.plt)

.fini
 *(.fini)
                0x000000000040239c                PROVIDE (__etext, .)
                0x000000000040239c                PROVIDE (_etext, .)
                0x000000000040239c                PROVIDE (etext, .)

.rodata         0x000000000040239c      0x151
 *(.rodata .rodata.* .gnu.linkonce.r.*)
 .rodata.str1.1
                0x000000000040239c       0xf7 obj_redbee-econotag_board/dflash.o
                                         0xfa (size before relaxing)
 .rodata.str1.1
                0x0000000000402493       0x4a ../src/src.a(swi.o)
                                         0x64 (size before relaxing)
 .rodata        0x00000000004024dd       0x10 obj_redbee-econotag_board/board.a(put.o)
                0x00000000004024dd                hex

.rodata1
 *(.rodata1)

.eh_frame_hdr
 *(.eh_frame_hdr)

.eh_frame
 *(.eh_frame)

.gcc_except_table
 *(.gcc_except_table .gcc_except_table.*)
                0x00000000004024f0                . = ALIGN (0x4)
                0x00000000004024f0                . = (0x4 DATA_SEGMENT_ALIGN 0x4)

.eh_frame
 *(.eh_frame)

.gcc_except_table
 *(.gcc_except_table .gcc_except_table.*)

.tdata
 *(.tdata .tdata.* .gnu.linkonce.td.*)

.tbss
 *(.tbss .tbss.* .gnu.linkonce.tb.*)
 *(.tcommon)

.preinit_array  0x00000000004024f0        0x0
                0x00000000004024f0                PROVIDE (__preinit_array_start, .)
 *(.preinit_array)
                0x00000000004024f0                PROVIDE (__preinit_array_end, .)

.init_array     0x00000000004024f0        0x0
                0x00000000004024f0                PROVIDE (__init_array_start, .)
 *(SORT(.init_array.*))
 *(.init_array)
                0x00000000004024f0                PROVIDE (__init_array_end, .)

.fini_array     0x00000000004024f0        0x0
                0x00000000004024f0                PROVIDE (__fini_array_start, .)
 *(.fini_array)
 *(SORT(.fini_array.*))
                0x00000000004024f0                PROVIDE (__fini_array_end, .)

.ctors
 *crtbegin.o(.ctors)
 *crtbegin?.o(.ctors)
 *(EXCLUDE_FILE(*crtend?.o *crtend.o) .ctors)
 *(SORT(.ctors.*))
 *(.ctors)

.dtors
 *crtbegin.o(.dtors)
 *crtbegin?.o(.dtors)
 *(EXCLUDE_FILE(*crtend?.o *crtend.o) .dtors)
 *(SORT(.dtors.*))
 *(.dtors)

.jcr
 *(.jcr)

.data.rel.ro
 *(.data.rel.ro.local* .gnu.linkonce.d.rel.ro.local.*)
 *(.data.rel.ro* .gnu.linkonce.d.rel.ro.*)

.dynamic
 *(.dynamic)
                0x00000000004024f0                . = (. DATA_SEGMENT_RELRO_END 0x0)

.got
 *(.got.plt)
 *(.got)

.data           0x00000000004024f0       0x18
                0x00000000004024f0                __data_start = .
 *(.data .data.* .gnu.linkonce.d.*)
 .data          0x00000000004024f0        0x0 obj_redbee-econotag_board/dflash.o
 .data          0x00000000004024f0        0x0 ../src/start-romvars.o
 .data          0x00000000004024f0        0x0 ../src/src.a(default_lowlevel.o)
 .data          0x00000000004024f0        0x0 ../src/src.a(isr.o)
 .data          0x00000000004024f0        0x0 ../src/src.a(swi.o)
 .data          0x00000000004024f0        0x0 ../src/src.a(pinio.o)
 .data          0x00000000004024f0        0x0 obj_redbee-econotag_board/board.a(put.o)
 .data          0x00000000004024f0       0x18 ../lib/libmc1322x.a(nvm.o)
                0x0000000000402500                nvm_erase
                0x0000000000402504                nvm_setsvar
                0x00000000004024f4                nvm_read
                0x00000000004024fc                nvm_verify
                0x00000000004024f8                nvm_write
                0x00000000004024f0                nvm_detect
 .data          0x0000000000402508        0x0 ../lib/libmc1322x.a(uart1.o)

.data1
 *(.data1)
                0x0000000000402508                _edata = .
                0x0000000000402508                PROVIDE (edata, .)
                0x0000000000402508                __bss_start = .
                0x0000000000402508                __bss_start__ = .

.bss            0x0000000000402508       0x48
 *(.dynbss)
 *(.bss .bss.* .gnu.linkonce.b.*)
 .bss           0x0000000000402508        0x0 obj_redbee-econotag_board/dflash.o
 .bss           0x0000000000402508        0x0 ../src/start-romvars.o
 .bss           0x0000000000402508        0x0 ../src/src.a(default_lowlevel.o)
 .bss           0x0000000000402508        0x0 ../src/src.a(isr.o)
 .bss           0x0000000000402508        0x0 ../src/src.a(swi.o)
 .bss           0x0000000000402508        0x0 ../src/src.a(pinio.o)
 .bss           0x0000000000402508        0x0 obj_redbee-econotag_board/board.a(put.o)
 .bss           0x0000000000402508        0x0 ../lib/libmc1322x.a(nvm.o)
 .bss           0x0000000000402508       0x48 ../lib/libmc1322x.a(uart1.o)
                0x0000000000402510                u1_tx_buf
                0x000000000040250c                u1_tail
                0x0000000000402508                u1_head
 *(COMMON)
                0x0000000000402550                . = ALIGN ((. != 0x0)?0x4:0x1)
                0x0000000000402550                _bss_end__ = .
                0x0000000000402550                __bss_end__ = .
                0x0000000000402550                . = ALIGN (0x4)

.heap           0x0000000000402550      0x400
                0x0000000000402550                __heap_start__ = .
 *(.heap)
                0x0000000000402950                . = (. + HEAP_SIZE)
 *fill*         0x0000000000402550      0x400 00
                0x0000000000402950                . = ALIGN (0x4)
                0x0000000000402950                __heap_end__ = .
                0x0000000000402950                . = ALIGN (0x4)
                0x0000000000402950                __end__ = .
                0x0000000000402950                _end = .
                0x0000000000402950                PROVIDE (end, .)
                0x0000000000402950                . = DATA_SEGMENT_END (.)

.stab           0x0000000000000000      0x18c
 *(.stab)
 .stab          0x0000000000000000      0x18c ../src/start-romvars.o

.stabstr        0x0000000000000000       0x27
 *(.stabstr)
 .stabstr       0x0000000000000000       0x27 ../src/start-romvars.o

.stab.excl
 *(.stab.excl)

.stab.exclstr
 *(.stab.exclstr)

.stab.index
 *(.stab.index)

.stab.indexstr
 *(.stab.indexstr)

.comment        0x0000000000000000       0x90
 *(.comment)
 .comment       0x0000000000000000       0x12 obj_redbee-econotag_board/dflash.o
 .comment       0x0000000000000012       0x12 ../src/src.a(default_lowlevel.o)
 .comment       0x0000000000000024       0x12 ../src/src.a(isr.o)
 .comment       0x0000000000000036       0x12 ../src/src.a(swi.o)
 .comment       0x0000000000000048       0x12 ../src/src.a(pinio.o)
 .comment       0x000000000000005a       0x12 obj_redbee-econotag_board/board.a(put.o)
 .comment       0x000000000000006c       0x12 ../lib/libmc1322x.a(nvm.o)
 .comment       0x000000000000007e       0x12 ../lib/libmc1322x.a(uart1.o)

.debug
 *(.debug)

.line
 *(.line)

.debug_srcinfo
 *(.debug_srcinfo)

.debug_sfnames
 *(.debug_sfnames)

.debug_aranges  0x0000000000000000      0x180
 *(.debug_aranges)
 .debug_aranges
                0x0000000000000000       0x48 obj_redbee-econotag_board/dflash.o
 .debug_aranges
                0x0000000000000048       0x28 ../src/src.a(default_lowlevel.o)
 .debug_aranges
                0x0000000000000070       0x20 ../src/src.a(isr.o)
 .debug_aranges
                0x0000000000000090       0x30 ../src/src.a(swi.o)
 .debug_aranges
                0x00000000000000c0       0x50 ../src/src.a(pinio.o)
 .debug_aranges
                0x0000000000000110       0x40 obj_redbee-econotag_board/board.a(put.o)
 .debug_aranges
                0x0000000000000150       0x30 ../lib/libmc1322x.a(uart1.o)

.debug_pubnames
                0x0000000000000000      0x288
 *(.debug_pubnames)
 .debug_pubnames
                0x0000000000000000       0x54 obj_redbee-econotag_board/dflash.o
 .debug_pubnames
                0x0000000000000054       0x37 ../src/src.a(default_lowlevel.o)
 .debug_pubnames
                0x000000000000008b       0x1a ../src/src.a(isr.o)
 .debug_pubnames
                0x00000000000000a5       0x44 ../src/src.a(swi.o)
 .debug_pubnames
                0x00000000000000e9       0x7a ../src/src.a(pinio.o)
 .debug_pubnames
                0x0000000000000163       0x58 obj_redbee-econotag_board/board.a(put.o)
 .debug_pubnames
                0x00000000000001bb       0x69 ../lib/libmc1322x.a(nvm.o)
 .debug_pubnames
                0x0000000000000224       0x64 ../lib/libmc1322x.a(uart1.o)

.debug_info     0x0000000000000000     0x11a1
 *(.debug_info .gnu.linkonce.wi.*)
 .debug_info    0x0000000000000000      0x466 obj_redbee-econotag_board/dflash.o
 .debug_info    0x0000000000000466      0x162 ../src/src.a(default_lowlevel.o)
 .debug_info    0x00000000000005c8       0xe2 ../src/src.a(isr.o)
 .debug_info    0x00000000000006aa       0xd3 ../src/src.a(swi.o)
 .debug_info    0x000000000000077d      0x356 ../src/src.a(pinio.o)
 .debug_info    0x0000000000000ad3      0x360 obj_redbee-econotag_board/board.a(put.o)
 .debug_info    0x0000000000000e33      0x1fc ../lib/libmc1322x.a(nvm.o)
 .debug_info    0x000000000000102f      0x172 ../lib/libmc1322x.a(uart1.o)

.debug_abbrev   0x0000000000000000      0x7ab
 *(.debug_abbrev)
 .debug_abbrev  0x0000000000000000      0x1ba obj_redbee-econotag_board/dflash.o
 .debug_abbrev  0x00000000000001ba       0xb6 ../src/src.a(default_lowlevel.o)
 .debug_abbrev  0x0000000000000270       0x7e ../src/src.a(isr.o)
 .debug_abbrev  0x00000000000002ee       0x92 ../src/src.a(swi.o)
 .debug_abbrev  0x0000000000000380      0x18c ../src/src.a(pinio.o)
 .debug_abbrev  0x000000000000050c      0x140 obj_redbee-econotag_board/board.a(put.o)
 .debug_abbrev  0x000000000000064c       0x89 ../lib/libmc1322x.a(nvm.o)
 .debug_abbrev  0x00000000000006d5       0xd6 ../lib/libmc1322x.a(uart1.o)

.debug_line     0x0000000000000000      0x61f
 *(.debug_line)
 .debug_line    0x0000000000000000      0x143 obj_redbee-econotag_board/dflash.o
 .debug_line    0x0000000000000143       0xa0 ../src/src.a(default_lowlevel.o)
 .debug_line    0x00000000000001e3       0x7e ../src/src.a(isr.o)
 .debug_line    0x0000000000000261       0x6b ../src/src.a(swi.o)
 .debug_line    0x00000000000002cc      0x10c ../src/src.a(pinio.o)
 .debug_line    0x00000000000003d8      0x159 obj_redbee-econotag_board/board.a(put.o)
 .debug_line    0x0000000000000531       0x50 ../lib/libmc1322x.a(nvm.o)
 .debug_line    0x0000000000000581       0x9e ../lib/libmc1322x.a(uart1.o)

.debug_frame    0x0000000000000000      0x2ec
 *(.debug_frame)
 .debug_frame   0x0000000000000000       0x9c obj_redbee-econotag_board/dflash.o
 .debug_frame   0x000000000000009c       0x3c ../src/src.a(default_lowlevel.o)
 .debug_frame   0x00000000000000d8       0x40 ../src/src.a(isr.o)
 .debug_frame   0x0000000000000118       0x64 ../src/src.a(swi.o)
 .debug_frame   0x000000000000017c       0xa0 ../src/src.a(pinio.o)
 .debug_frame   0x000000000000021c       0x84 obj_redbee-econotag_board/board.a(put.o)
 .debug_frame   0x00000000000002a0       0x4c ../lib/libmc1322x.a(uart1.o)

.debug_str      0x0000000000000000      0x522
 *(.debug_str)
 .debug_str     0x0000000000000000      0x381 obj_redbee-econotag_board/dflash.o
                                        0x3a4 (size before relaxing)
 .debug_str     0x0000000000000381       0x55 ../src/src.a(default_lowlevel.o)
                                        0x19c (size before relaxing)
 .debug_str     0x00000000000003d6       0x15 ../src/src.a(isr.o)
                                        0x154 (size before relaxing)
 .debug_str     0x00000000000003eb       0x3d ../src/src.a(swi.o)
                                         0xda (size before relaxing)
 .debug_str     0x0000000000000428       0x6f ../src/src.a(pinio.o)
                                        0x122 (size before relaxing)
 .debug_str     0x0000000000000497       0x30 obj_redbee-econotag_board/board.a(put.o)
                                         0xec (size before relaxing)
 .debug_str     0x00000000000004c7       0x22 ../lib/libmc1322x.a(nvm.o)
                                        0x28a (size before relaxing)
 .debug_str     0x00000000000004e9       0x39 ../lib/libmc1322x.a(uart1.o)
                                        0x195 (size before relaxing)

.debug_loc      0x0000000000000000      0xb77
 *(.debug_loc)
 .debug_loc     0x0000000000000000      0x498 obj_redbee-econotag_board/dflash.o
 .debug_loc     0x0000000000000498       0xdb ../src/src.a(default_lowlevel.o)
 .debug_loc     0x0000000000000573       0x1f ../src/src.a(isr.o)
 .debug_loc     0x0000000000000592       0x83 ../src/src.a(swi.o)
 .debug_loc     0x0000000000000615      0x431 ../src/src.a(pinio.o)
 .debug_loc     0x0000000000000a46       0xf4 obj_redbee-econotag_board/board.a(put.o)
 .debug_loc     0x0000000000000b3a       0x3d ../lib/libmc1322x.a(uart1.o)

.debug_macinfo
 *(.debug_macinfo)

.debug_weaknames
 *(.debug_weaknames)

.debug_funcnames
 *(.debug_funcnames)

.debug_typenames
 *(.debug_typenames)

.debug_varnames
 *(.debug_varnames)

.debug_pubtypes
 *(.debug_pubtypes)

.debug_ranges   0x0000000000000000      0x310
 *(.debug_ranges)
 .debug_ranges  0x0000000000000000       0x40 obj_redbee-econotag_board/dflash.o
 .debug_ranges  0x0000000000000040       0x20 ../src/src.a(default_lowlevel.o)
 .debug_ranges  0x0000000000000060       0x18 ../src/src.a(isr.o)
 .debug_ranges  0x0000000000000078       0x28 ../src/src.a(swi.o)
 .debug_ranges  0x00000000000000a0       0xd8 ../src/src.a(pinio.o)
 .debug_ranges  0x0000000000000178      0x170 obj_redbee-econotag_board/board.a(put.o)
 .debug_ranges  0x00000000000002e8       0x28 ../lib/libmc1322x.a(uart1.o)

.gnu.attributes
 *(.gnu.attributes)

.note.gnu.arm.ident
 *(.note.gnu.arm.ident)

/DISCARD/
 *(.note.GNU-stack)
 *(.gnu_debuglink)
OUTPUT(dflash_redbee-econotag.elf elf32-littlearm)

.ARM.attributes
                0x0000000000000000       0x10
 .ARM.attributes
                0x0000000000000000       0x10 obj_redbee-econotag_board/dflash.o
 .ARM.attributes
                0x0000000000000010       0x10 ../src/start-romvars.o
 .ARM.attributes
                0x0000000000000020       0x10 ../src/src.a(default_lowlevel.o)
 .ARM.attributes
                0x0000000000000030       0x10 ../src/src.a(isr.o)
 .ARM.attributes
                0x0000000000000040       0x10 ../src/src.a(swi.o)
 .ARM.attributes
                0x0000000000000050       0x10 ../src/src.a(pinio.o)
 .ARM.attributes
                0x0000000000000060       0x10 obj_redbee-econotag_board/board.a(put.o)
 .ARM.attributes
                0x0000000000000070       0x10 ../lib/libmc1322x.a(nvm.o)
 .ARM.attributes
                0x0000000000000080       0x10 ../lib/libmc1322x.a(uart1.o)
