Archive member included because of file (symbol)

../src/src.a(default_lowlevel.o)
                              obj_redbee-econotag_board/eflash.o (default_vreg_init)
../src/src.a(isr.o)           ../src/start-romvars.o (irq)
../src/src.a(swi.o)           obj_redbee-econotag_board/eflash.o (supercheck)
../src/src.a(pinio.o)         obj_redbee-econotag_board/eflash.o (pinFunc)
obj_redbee-econotag_board/board.a(put.o)
                              obj_redbee-econotag_board/eflash.o (putstr)
../lib/libmc1322x.a(uart1.o)  ../src/src.a(default_lowlevel.o) (u1_head)
/home/bc/Desktop/badge/mc1322x-oe/tmp/staging/armv4t-linux/usr/lib/libc.a(memcpy.o)
                              obj_redbee-econotag_board/eflash.o (memcpy)

Discarded input sections

 .note.GNU-stack
                0x0000000000000000        0x0 obj_redbee-econotag_board/eflash.o
 .note.GNU-stack
                0x0000000000000000        0x0 ../src/src.a(default_lowlevel.o)
 .note.GNU-stack
                0x0000000000000000        0x0 ../src/src.a(isr.o)
 .note.GNU-stack
                0x0000000000000000        0x0 ../src/src.a(swi.o)
 .note.GNU-stack
                0x0000000000000000        0x0 ../src/src.a(pinio.o)
 .note.GNU-stack
                0x0000000000000000        0x0 obj_redbee-econotag_board/board.a(put.o)
 .note.GNU-stack
                0x0000000000000000        0x0 ../lib/libmc1322x.a(uart1.o)
 .note.GNU-stack
                0x0000000000000000        0x0 /home/bc/Desktop/badge/mc1322x-oe/tmp/staging/armv4t-linux/usr/lib/libc.a(memcpy.o)

Memory Configuration

Name             Origin             Length             Attributes
*default*        0x0000000000000000 0xffffffffffffffff

Linker script and memory map

LOAD obj_redbee-econotag_board/eflash.o
LOAD ../src/start-romvars.o
LOAD ../src/src.a
LOAD obj_redbee-econotag_board/board.a
LOAD ../lib/libmc1322x.a
LOAD /home/bc/Desktop/badge/mc1322x-oe/tmp/staging/armv4t-linux/usr/lib/libm.a
START GROUP
LOAD /home/bc/Desktop/badge/mc1322x-oe/tmp/cross/armv4t/lib/gcc/arm-linux/4.3.2/libgcc.a
LOAD /home/bc/Desktop/badge/mc1322x-oe/tmp/cross/armv4t/lib/gcc/arm-linux/4.3.2/libgcc_eh.a
LOAD /home/bc/Desktop/badge/mc1322x-oe/tmp/staging/armv4t-linux/usr/lib/libc.a
END GROUP
                0x0000000000000400                SYS_STACK_SIZE = 0x400
                0x0000000000000100                IRQ_STACK_SIZE = 0x100
                0x0000000000000100                FIQ_STACK_SIZE = 0x100
                0x0000000000000100                SVC_STACK_SIZE = 0x100
                0x0000000000000010                ABT_STACK_SIZE = 0x10
                0x0000000000000010                UND_STACK_SIZE = 0x10
                0x0000000000000400                HEAP_SIZE = 0x400
                0x0000000000400000                PROVIDE (__executable_start, 0x400000)
                0x0000000000400000                . = 0x400000

.text           0x0000000000400000     0x2350
 *start*.o(.text)
 .text          0x0000000000400000      0xfe0 ../src/start-romvars.o
                0x0000000000400864                _bss_start
                0x0000000000400868                _bss_end
                0x0000000000400860                _armboot_start
                0x0000000000400000                _start
                0x0000000000400fc0                reset_cpu
 *(.irq)
 .irq           0x0000000000400fe0      0x164 ../src/src.a(isr.o)
                0x0000000000400fe0                irq
 *(.text .stub .text.* .gnu.linkonce.t.*)
 .text          0x0000000000401144        0x0 obj_redbee-econotag_board/eflash.o
 .text.getc     0x0000000000401144       0x30 obj_redbee-econotag_board/eflash.o
                0x0000000000401144                getc
                0x000000000040114c                .real_start_ofgetc
 .text.delaytbp
                0x0000000000401174       0x1c obj_redbee-econotag_board/eflash.o
                0x000000000040117c                .real_start_ofdelaytbp
                0x0000000000401174                delaytbp
 .text.delaycs  0x0000000000401190       0x34 obj_redbee-econotag_board/eflash.o
                0x0000000000401198                .real_start_ofdelaycs
                0x0000000000401190                delaycs
 .text.flushrx  0x00000000004011c4       0x30 obj_redbee-econotag_board/eflash.o
                0x00000000004011cc                .real_start_offlushrx
                0x00000000004011c4                flushrx
 .text.from_hex
                0x00000000004011f4       0x48 obj_redbee-econotag_board/eflash.o
                0x00000000004011fc                .real_start_offrom_hex
                0x00000000004011f4                from_hex
 .text.to_u32   0x000000000040123c       0x50 obj_redbee-econotag_board/eflash.o
                0x0000000000401244                .real_start_ofto_u32
                0x000000000040123c                to_u32
 .text.flash_init
                0x000000000040128c       0x60 obj_redbee-econotag_board/eflash.o
                0x000000000040128c                flash_init
                0x0000000000401294                .real_start_offlash_init
 .text.do_error
                0x00000000004012ec       0x60 obj_redbee-econotag_board/eflash.o
                0x00000000004012ec                do_error
                0x00000000004012f4                .real_start_ofdo_error
 .text.callswi  0x000000000040134c       0x3c obj_redbee-econotag_board/eflash.o
                0x0000000000401354                .real_start_ofcallswi
                0x000000000040134c                callswi
 .text.spi_op   0x0000000000401388       0x70 obj_redbee-econotag_board/eflash.o
                0x0000000000401388                spi_op
                0x0000000000401390                .real_start_ofspi_op
 .text.flash_bytewrite
                0x00000000004013f8       0x6c obj_redbee-econotag_board/eflash.o
                0x00000000004013f8                flash_bytewrite
                0x0000000000401400                .real_start_offlash_bytewrite
 .text.flash_read
                0x0000000000401464       0x7c obj_redbee-econotag_board/eflash.o
                0x0000000000401464                flash_read
                0x000000000040146c                .real_start_offlash_read
 .text.flash_secterase
                0x00000000004014e0       0x64 obj_redbee-econotag_board/eflash.o
                0x00000000004014e0                flash_secterase
                0x00000000004014e8                .real_start_offlash_secterase
 .text.flash_wrsr
                0x0000000000401544       0x94 obj_redbee-econotag_board/eflash.o
                0x0000000000401544                flash_wrsr
                0x000000000040154c                .real_start_offlash_wrsr
 .text.flash_wren
                0x00000000004015d8       0x48 obj_redbee-econotag_board/eflash.o
                0x00000000004015d8                flash_wren
                0x00000000004015e0                .real_start_offlash_wren
 .text.flash_rdsr
                0x0000000000401620       0x50 obj_redbee-econotag_board/eflash.o
                0x0000000000401628                .real_start_offlash_rdsr
                0x0000000000401620                flash_rdsr
 .text.flash_checkwrite
                0x0000000000401670      0x138 obj_redbee-econotag_board/eflash.o
                0x0000000000401678                .real_start_offlash_checkwrite
                0x0000000000401670                flash_checkwrite
 .text.main     0x00000000004017a8      0x2c0 obj_redbee-econotag_board/eflash.o
                0x00000000004017b0                .real_start_ofmain
                0x00000000004017a8                main
 .text          0x0000000000401a68        0x0 ../src/src.a(default_lowlevel.o)
 .text.default_vreg_init
                0x0000000000401a68       0x48 ../src/src.a(default_lowlevel.o)
                0x0000000000401a70                .real_start_ofdefault_vreg_init
                0x0000000000401a68                default_vreg_init
 .text.uart1_init
                0x0000000000401ab0       0x74 ../src/src.a(default_lowlevel.o)
                0x0000000000401ab0                uart1_init
                0x0000000000401ab8                .real_start_ofuart1_init
 .text          0x0000000000401b24        0x0 ../src/src.a(isr.o)
 .text          0x0000000000401b24        0x0 ../src/src.a(swi.o)
 .text.realswi  0x0000000000401b24       0x38 ../src/src.a(swi.o)
                0x0000000000401b24                realswi
 .text.supercheck
                0x0000000000401b5c       0x38 ../src/src.a(swi.o)
                0x0000000000401b5c                supercheck
 .text          0x0000000000401b94        0x0 ../src/src.a(pinio.o)
 .text.pinFunc  0x0000000000401b94       0x5c ../src/src.a(pinio.o)
                0x0000000000401b94                pinFunc
                0x0000000000401b9c                .real_start_ofpinFunc
 .text.pinPullupSelect
                0x0000000000401bf0       0x3c ../src/src.a(pinio.o)
                0x0000000000401bf0                pinPullupSelect
                0x0000000000401bf8                .real_start_ofpinPullupSelect
 .text.pinPullupEnable
                0x0000000000401c2c       0x3c ../src/src.a(pinio.o)
                0x0000000000401c2c                pinPullupEnable
                0x0000000000401c34                .real_start_ofpinPullupEnable
 .text.pinDirection
                0x0000000000401c68       0x3c ../src/src.a(pinio.o)
                0x0000000000401c68                pinDirection
                0x0000000000401c70                .real_start_ofpinDirection
 .text.shiftMsb
                0x0000000000401ca4       0xb8 ../src/src.a(pinio.o)
                0x0000000000401cac                .real_start_ofshiftMsb
                0x0000000000401ca4                shiftMsb
 .text.setPin   0x0000000000401d5c       0x44 ../src/src.a(pinio.o)
                0x0000000000401d5c                setPin
                0x0000000000401d64                .real_start_ofsetPin
 .text.getPin   0x0000000000401da0       0x30 ../src/src.a(pinio.o)
                0x0000000000401da8                .real_start_ofgetPin
                0x0000000000401da0                getPin
 .text          0x0000000000401dd0        0x0 obj_redbee-econotag_board/board.a(put.o)
 .text.putchr   0x0000000000401dd0       0x24 obj_redbee-econotag_board/board.a(put.o)
                0x0000000000401dd8                .real_start_ofputchr
                0x0000000000401dd0                putchr
 .text.putstr   0x0000000000401df4       0x34 obj_redbee-econotag_board/board.a(put.o)
                0x0000000000401dfc                .real_start_ofputstr
                0x0000000000401df4                putstr
 .text.put_hex  0x0000000000401e28       0x48 obj_redbee-econotag_board/board.a(put.o)
                0x0000000000401e30                .real_start_ofput_hex
                0x0000000000401e28                put_hex
 .text.put_hex16
                0x0000000000401e70       0x78 obj_redbee-econotag_board/board.a(put.o)
                0x0000000000401e70                put_hex16
                0x0000000000401e78                .real_start_ofput_hex16
 .text.put_hex32
                0x0000000000401ee8       0xcc obj_redbee-econotag_board/board.a(put.o)
                0x0000000000401ef0                .real_start_ofput_hex32
                0x0000000000401ee8                put_hex32
 .text          0x0000000000401fb4        0x0 ../lib/libmc1322x.a(uart1.o)
 .text.uart1_isr
                0x0000000000401fb4       0x60 ../lib/libmc1322x.a(uart1.o)
                0x0000000000401fb4                uart1_isr
                0x0000000000401fbc                .real_start_ofuart1_isr
 .text.uart1_putc
                0x0000000000402014       0x74 ../lib/libmc1322x.a(uart1.o)
                0x000000000040201c                .real_start_ofuart1_putc
                0x0000000000402014                uart1_putc
 .text.uart1_getc
                0x0000000000402088       0x24 ../lib/libmc1322x.a(uart1.o)
                0x0000000000402088                uart1_getc
                0x0000000000402090                .real_start_ofuart1_getc
 *fill*         0x00000000004020ac        0x4 00000000
 .text          0x00000000004020b0      0x2a0 /home/bc/Desktop/badge/mc1322x-oe/tmp/staging/armv4t-linux/usr/lib/libc.a(memcpy.o)
                0x00000000004020b0                memcpy
 *(.gnu.warning)
 *(.glue_7t)
 .glue_7t       0x0000000000402350        0x0 obj_redbee-econotag_board/eflash.o
 .glue_7t       0x0000000000402350        0x0 ../src/start-romvars.o
 .glue_7t       0x0000000000402350        0x0 ../src/src.a(default_lowlevel.o)
 .glue_7t       0x0000000000402350        0x0 ../src/src.a(isr.o)
 .glue_7t       0x0000000000402350        0x0 ../src/src.a(swi.o)
 .glue_7t       0x0000000000402350        0x0 ../src/src.a(pinio.o)
 .glue_7t       0x0000000000402350        0x0 obj_redbee-econotag_board/board.a(put.o)
 .glue_7t       0x0000000000402350        0x0 ../lib/libmc1322x.a(uart1.o)
 .glue_7t       0x0000000000402350        0x0 /home/bc/Desktop/badge/mc1322x-oe/tmp/staging/armv4t-linux/usr/lib/libc.a(memcpy.o)
 *(.glue_7)
 .glue_7        0x0000000000402350        0x0 obj_redbee-econotag_board/eflash.o
 .glue_7        0x0000000000402350        0x0 ../src/start-romvars.o
 .glue_7        0x0000000000402350        0x0 ../src/src.a(default_lowlevel.o)
 .glue_7        0x0000000000402350        0x0 ../src/src.a(isr.o)
 .glue_7        0x0000000000402350        0x0 ../src/src.a(swi.o)
 .glue_7        0x0000000000402350        0x0 ../src/src.a(pinio.o)
 .glue_7        0x0000000000402350        0x0 obj_redbee-econotag_board/board.a(put.o)
 .glue_7        0x0000000000402350        0x0 ../lib/libmc1322x.a(uart1.o)
 .glue_7        0x0000000000402350        0x0 /home/bc/Desktop/badge/mc1322x-oe/tmp/staging/armv4t-linux/usr/lib/libc.a(memcpy.o)
 *(.vfp11_veneer)
 .vfp11_veneer  0x0000000000402350        0x0 obj_redbee-econotag_board/eflash.o
 .vfp11_veneer  0x0000000000402350        0x0 ../src/start-romvars.o
 .vfp11_veneer  0x0000000000402350        0x0 ../src/src.a(default_lowlevel.o)
 .vfp11_veneer  0x0000000000402350        0x0 ../src/src.a(isr.o)
 .vfp11_veneer  0x0000000000402350        0x0 ../src/src.a(swi.o)
 .vfp11_veneer  0x0000000000402350        0x0 ../src/src.a(pinio.o)
 .vfp11_veneer  0x0000000000402350        0x0 obj_redbee-econotag_board/board.a(put.o)
 .vfp11_veneer  0x0000000000402350        0x0 ../lib/libmc1322x.a(uart1.o)
 .vfp11_veneer  0x0000000000402350        0x0 /home/bc/Desktop/badge/mc1322x-oe/tmp/staging/armv4t-linux/usr/lib/libc.a(memcpy.o)
 *(.v4_bx)
 .v4_bx         0x0000000000402350        0x0 obj_redbee-econotag_board/eflash.o
 .v4_bx         0x0000000000402350        0x0 ../src/start-romvars.o
 .v4_bx         0x0000000000402350        0x0 ../src/src.a(default_lowlevel.o)
 .v4_bx         0x0000000000402350        0x0 ../src/src.a(isr.o)
 .v4_bx         0x0000000000402350        0x0 ../src/src.a(swi.o)
 .v4_bx         0x0000000000402350        0x0 ../src/src.a(pinio.o)
 .v4_bx         0x0000000000402350        0x0 obj_redbee-econotag_board/board.a(put.o)
 .v4_bx         0x0000000000402350        0x0 ../lib/libmc1322x.a(uart1.o)
 .v4_bx         0x0000000000402350        0x0 /home/bc/Desktop/badge/mc1322x-oe/tmp/staging/armv4t-linux/usr/lib/libc.a(memcpy.o)

.swi            0x0000000000402350       0x6c
 .swi           0x0000000000402350       0x6c ../src/src.a(swi.o)
                0x0000000000402350                software_interrupt

.stack          0x00000000004023bc      0x720
                0x00000000004023bc                __stack_start__ = .
                0x00000000004024bc                . = (. + IRQ_STACK_SIZE)
 *fill*         0x00000000004023bc      0x100 00
                0x00000000004024bc                . = ALIGN (0x4)
                0x00000000004024bc                __irq_stack_top__ = .
                0x00000000004025bc                . = (. + FIQ_STACK_SIZE)
 *fill*         0x00000000004024bc      0x100 00
                0x00000000004025bc                . = ALIGN (0x4)
                0x00000000004025bc                __fiq_stack_top__ = .
                0x00000000004026bc                . = (. + SVC_STACK_SIZE)
 *fill*         0x00000000004025bc      0x100 00
                0x00000000004026bc                . = ALIGN (0x4)
                0x00000000004026bc                __svc_stack_top__ = .
                0x00000000004026cc                . = (. + ABT_STACK_SIZE)
 *fill*         0x00000000004026bc       0x10 00
                0x00000000004026cc                . = ALIGN (0x4)
                0x00000000004026cc                __abt_stack_top__ = .
                0x00000000004026dc                . = (. + UND_STACK_SIZE)
 *fill*         0x00000000004026cc       0x10 00
                0x00000000004026dc                . = ALIGN (0x4)
                0x00000000004026dc                __und_stack_top__ = .
                0x0000000000402adc                . = (. + SYS_STACK_SIZE)
 *fill*         0x00000000004026dc      0x400 00
                0x0000000000402adc                . = ALIGN (0x4)
                0x0000000000402adc                __sys_stack_top__ = .
                0x0000000000402adc                __stack_end__ = .

.interp
 *(.interp)

.note.gnu.build-id
 *(.note.gnu.build-id)

.hash
 *(.hash)

.gnu.hash
 *(.gnu.hash)

.dynsym
 *(.dynsym)

.dynstr
 *(.dynstr)

.gnu.version
 *(.gnu.version)

.gnu.version_d
 *(.gnu.version_d)

.gnu.version_r
 *(.gnu.version_r)

.rel.dyn
 *(.rel.init)
 *(.rel.text .rel.text.* .rel.gnu.linkonce.t.*)
 *(.rel.fini)
 *(.rel.rodata .rel.rodata.* .rel.gnu.linkonce.r.*)
 *(.rel.data.rel.ro* .rel.gnu.linkonce.d.rel.ro.*)
 *(.rel.data .rel.data.* .rel.gnu.linkonce.d.*)
 *(.rel.tdata .rel.tdata.* .rel.gnu.linkonce.td.*)
 *(.rel.tbss .rel.tbss.* .rel.gnu.linkonce.tb.*)
 *(.rel.ctors)
 *(.rel.dtors)
 *(.rel.got)
 *(.rel.bss .rel.bss.* .rel.gnu.linkonce.b.*)

.rela.dyn
 *(.rela.init)
 *(.rela.text .rela.text.* .rela.gnu.linkonce.t.*)
 *(.rela.fini)
 *(.rela.rodata .rela.rodata.* .rela.gnu.linkonce.r.*)
 *(.rela.data .rela.data.* .rela.gnu.linkonce.d.*)
 *(.rela.tdata .rela.tdata.* .rela.gnu.linkonce.td.*)
 *(.rela.tbss .rela.tbss.* .rela.gnu.linkonce.tb.*)
 *(.rela.ctors)
 *(.rela.dtors)
 *(.rela.got)
 *(.rela.bss .rela.bss.* .rela.gnu.linkonce.b.*)

.rel.plt
 *(.rel.plt)

.rela.plt
 *(.rela.plt)

.init
 *(.init)

.plt
 *(.plt)

.fini
 *(.fini)
                0x0000000000402adc                PROVIDE (__etext, .)
                0x0000000000402adc                PROVIDE (_etext, .)
                0x0000000000402adc                PROVIDE (etext, .)

.rodata         0x0000000000402adc       0x84
 *(.rodata .rodata.* .gnu.linkonce.r.*)
 .rodata.str1.1
                0x0000000000402adc       0x20 obj_redbee-econotag_board/eflash.o
 .rodata        0x0000000000402afc        0xa obj_redbee-econotag_board/eflash.o
 .rodata.str1.1
                0x0000000000402b06       0x4a ../src/src.a(swi.o)
                                         0x64 (size before relaxing)
 .rodata        0x0000000000402b50       0x10 obj_redbee-econotag_board/board.a(put.o)
                0x0000000000402b50                hex

.rodata1
 *(.rodata1)

.eh_frame_hdr
 *(.eh_frame_hdr)

.eh_frame
 *(.eh_frame)

.gcc_except_table
 *(.gcc_except_table .gcc_except_table.*)
                0x0000000000402b60                . = ALIGN (0x4)
                0x0000000000402b60                . = (0x4 DATA_SEGMENT_ALIGN 0x4)

.eh_frame
 *(.eh_frame)

.gcc_except_table
 *(.gcc_except_table .gcc_except_table.*)

.tdata
 *(.tdata .tdata.* .gnu.linkonce.td.*)

.tbss
 *(.tbss .tbss.* .gnu.linkonce.tb.*)
 *(.tcommon)

.preinit_array  0x0000000000402b60        0x0
                0x0000000000402b60                PROVIDE (__preinit_array_start, .)
 *(.preinit_array)
                0x0000000000402b60                PROVIDE (__preinit_array_end, .)

.init_array     0x0000000000402b60        0x0
                0x0000000000402b60                PROVIDE (__init_array_start, .)
 *(SORT(.init_array.*))
 *(.init_array)
                0x0000000000402b60                PROVIDE (__init_array_end, .)

.fini_array     0x0000000000402b60        0x0
                0x0000000000402b60                PROVIDE (__fini_array_start, .)
 *(.fini_array)
 *(SORT(.fini_array.*))
                0x0000000000402b60                PROVIDE (__fini_array_end, .)

.ctors
 *crtbegin.o(.ctors)
 *crtbegin?.o(.ctors)
 *(EXCLUDE_FILE(*crtend?.o *crtend.o) .ctors)
 *(SORT(.ctors.*))
 *(.ctors)

.dtors
 *crtbegin.o(.dtors)
 *crtbegin?.o(.dtors)
 *(EXCLUDE_FILE(*crtend?.o *crtend.o) .dtors)
 *(SORT(.dtors.*))
 *(.dtors)

.jcr
 *(.jcr)

.data.rel.ro
 *(.data.rel.ro.local* .gnu.linkonce.d.rel.ro.local.*)
 *(.data.rel.ro* .gnu.linkonce.d.rel.ro.*)

.dynamic
 *(.dynamic)
                0x0000000000402b60                . = (. DATA_SEGMENT_RELRO_END 0x0)

.got
 *(.got.plt)
 *(.got)

.data           0x0000000000402b60        0x0
                0x0000000000402b60                __data_start = .
 *(.data .data.* .gnu.linkonce.d.*)
 .data          0x0000000000402b60        0x0 obj_redbee-econotag_board/eflash.o
 .data          0x0000000000402b60        0x0 ../src/start-romvars.o
 .data          0x0000000000402b60        0x0 ../src/src.a(default_lowlevel.o)
 .data          0x0000000000402b60        0x0 ../src/src.a(isr.o)
 .data          0x0000000000402b60        0x0 ../src/src.a(swi.o)
 .data          0x0000000000402b60        0x0 ../src/src.a(pinio.o)
 .data          0x0000000000402b60        0x0 obj_redbee-econotag_board/board.a(put.o)
 .data          0x0000000000402b60        0x0 ../lib/libmc1322x.a(uart1.o)
 .data          0x0000000000402b60        0x0 /home/bc/Desktop/badge/mc1322x-oe/tmp/staging/armv4t-linux/usr/lib/libc.a(memcpy.o)

.data1
 *(.data1)
                0x0000000000402b60                _edata = .
                0x0000000000402b60                PROVIDE (edata, .)
                0x0000000000402b60                __bss_start = .
                0x0000000000402b60                __bss_start__ = .

.bss            0x0000000000402b60       0x48
 *(.dynbss)
 *(.bss .bss.* .gnu.linkonce.b.*)
 .bss           0x0000000000402b60        0x0 obj_redbee-econotag_board/eflash.o
 .bss           0x0000000000402b60        0x0 ../src/start-romvars.o
 .bss           0x0000000000402b60        0x0 ../src/src.a(default_lowlevel.o)
 .bss           0x0000000000402b60        0x0 ../src/src.a(isr.o)
 .bss           0x0000000000402b60        0x0 ../src/src.a(swi.o)
 .bss           0x0000000000402b60        0x0 ../src/src.a(pinio.o)
 .bss           0x0000000000402b60        0x0 obj_redbee-econotag_board/board.a(put.o)
 .bss           0x0000000000402b60       0x48 ../lib/libmc1322x.a(uart1.o)
                0x0000000000402b68                u1_tx_buf
                0x0000000000402b64                u1_tail
                0x0000000000402b60                u1_head
 .bss           0x0000000000402ba8        0x0 /home/bc/Desktop/badge/mc1322x-oe/tmp/staging/armv4t-linux/usr/lib/libc.a(memcpy.o)
 *(COMMON)
                0x0000000000402ba8                . = ALIGN ((. != 0x0)?0x4:0x1)
                0x0000000000402ba8                _bss_end__ = .
                0x0000000000402ba8                __bss_end__ = .
                0x0000000000402ba8                . = ALIGN (0x4)

.heap           0x0000000000402ba8      0x400
                0x0000000000402ba8                __heap_start__ = .
 *(.heap)
                0x0000000000402fa8                . = (. + HEAP_SIZE)
 *fill*         0x0000000000402ba8      0x400 00
                0x0000000000402fa8                . = ALIGN (0x4)
                0x0000000000402fa8                __heap_end__ = .
                0x0000000000402fa8                . = ALIGN (0x4)
                0x0000000000402fa8                __end__ = .
                0x0000000000402fa8                _end = .
                0x0000000000402fa8                PROVIDE (end, .)
                0x0000000000402fa8                . = DATA_SEGMENT_END (.)

.stab           0x0000000000000000      0x18c
 *(.stab)
 .stab          0x0000000000000000      0x18c ../src/start-romvars.o

.stabstr        0x0000000000000000       0x27
 *(.stabstr)
 .stabstr       0x0000000000000000       0x27 ../src/start-romvars.o

.stab.excl
 *(.stab.excl)

.stab.exclstr
 *(.stab.exclstr)

.stab.index
 *(.stab.index)

.stab.indexstr
 *(.stab.indexstr)

.comment        0x0000000000000000       0x7e
 *(.comment)
 .comment       0x0000000000000000       0x12 obj_redbee-econotag_board/eflash.o
 .comment       0x0000000000000012       0x12 ../src/src.a(default_lowlevel.o)
 .comment       0x0000000000000024       0x12 ../src/src.a(isr.o)
 .comment       0x0000000000000036       0x12 ../src/src.a(swi.o)
 .comment       0x0000000000000048       0x12 ../src/src.a(pinio.o)
 .comment       0x000000000000005a       0x12 obj_redbee-econotag_board/board.a(put.o)
 .comment       0x000000000000006c       0x12 ../lib/libmc1322x.a(uart1.o)

.debug
 *(.debug)

.line
 *(.line)

.debug_srcinfo
 *(.debug_srcinfo)

.debug_sfnames
 *(.debug_sfnames)

.debug_aranges  0x0000000000000000      0x1e0
 *(.debug_aranges)
 .debug_aranges
                0x0000000000000000       0xa8 obj_redbee-econotag_board/eflash.o
 .debug_aranges
                0x00000000000000a8       0x28 ../src/src.a(default_lowlevel.o)
 .debug_aranges
                0x00000000000000d0       0x20 ../src/src.a(isr.o)
 .debug_aranges
                0x00000000000000f0       0x30 ../src/src.a(swi.o)
 .debug_aranges
                0x0000000000000120       0x50 ../src/src.a(pinio.o)
 .debug_aranges
                0x0000000000000170       0x40 obj_redbee-econotag_board/board.a(put.o)
 .debug_aranges
                0x00000000000001b0       0x30 ../lib/libmc1322x.a(uart1.o)

.debug_pubnames
                0x0000000000000000      0x2d8
 *(.debug_pubnames)
 .debug_pubnames
                0x0000000000000000      0x10d obj_redbee-econotag_board/eflash.o
 .debug_pubnames
                0x000000000000010d       0x37 ../src/src.a(default_lowlevel.o)
 .debug_pubnames
                0x0000000000000144       0x1a ../src/src.a(isr.o)
 .debug_pubnames
                0x000000000000015e       0x44 ../src/src.a(swi.o)
 .debug_pubnames
                0x00000000000001a2       0x7a ../src/src.a(pinio.o)
 .debug_pubnames
                0x000000000000021c       0x58 obj_redbee-econotag_board/board.a(put.o)
 .debug_pubnames
                0x0000000000000274       0x64 ../lib/libmc1322x.a(uart1.o)

.debug_info     0x0000000000000000     0x1296
 *(.debug_info .gnu.linkonce.wi.*)
 .debug_info    0x0000000000000000      0x757 obj_redbee-econotag_board/eflash.o
 .debug_info    0x0000000000000757      0x162 ../src/src.a(default_lowlevel.o)
 .debug_info    0x00000000000008b9       0xe2 ../src/src.a(isr.o)
 .debug_info    0x000000000000099b       0xd3 ../src/src.a(swi.o)
 .debug_info    0x0000000000000a6e      0x356 ../src/src.a(pinio.o)
 .debug_info    0x0000000000000dc4      0x360 obj_redbee-econotag_board/board.a(put.o)
 .debug_info    0x0000000000001124      0x172 ../lib/libmc1322x.a(uart1.o)

.debug_abbrev   0x0000000000000000      0x807
 *(.debug_abbrev)
 .debug_abbrev  0x0000000000000000      0x29f obj_redbee-econotag_board/eflash.o
 .debug_abbrev  0x000000000000029f       0xb6 ../src/src.a(default_lowlevel.o)
 .debug_abbrev  0x0000000000000355       0x7e ../src/src.a(isr.o)
 .debug_abbrev  0x00000000000003d3       0x92 ../src/src.a(swi.o)
 .debug_abbrev  0x0000000000000465      0x18c ../src/src.a(pinio.o)
 .debug_abbrev  0x00000000000005f1      0x140 obj_redbee-econotag_board/board.a(put.o)
 .debug_abbrev  0x0000000000000731       0xd6 ../lib/libmc1322x.a(uart1.o)

.debug_line     0x0000000000000000      0x77f
 *(.debug_line)
 .debug_line    0x0000000000000000      0x2f3 obj_redbee-econotag_board/eflash.o
 .debug_line    0x00000000000002f3       0xa0 ../src/src.a(default_lowlevel.o)
 .debug_line    0x0000000000000393       0x7e ../src/src.a(isr.o)
 .debug_line    0x0000000000000411       0x6b ../src/src.a(swi.o)
 .debug_line    0x000000000000047c      0x10c ../src/src.a(pinio.o)
 .debug_line    0x0000000000000588      0x159 obj_redbee-econotag_board/board.a(put.o)
 .debug_line    0x00000000000006e1       0x9e ../lib/libmc1322x.a(uart1.o)

.debug_frame    0x0000000000000000      0x440
 *(.debug_frame)
 .debug_frame   0x0000000000000000      0x1f0 obj_redbee-econotag_board/eflash.o
 .debug_frame   0x00000000000001f0       0x3c ../src/src.a(default_lowlevel.o)
 .debug_frame   0x000000000000022c       0x40 ../src/src.a(isr.o)
 .debug_frame   0x000000000000026c       0x64 ../src/src.a(swi.o)
 .debug_frame   0x00000000000002d0       0xa0 ../src/src.a(pinio.o)
 .debug_frame   0x0000000000000370       0x84 obj_redbee-econotag_board/board.a(put.o)
 .debug_frame   0x00000000000003f4       0x4c ../lib/libmc1322x.a(uart1.o)

.debug_str      0x0000000000000000      0x3ab
 *(.debug_str)
 .debug_str     0x0000000000000000      0x227 obj_redbee-econotag_board/eflash.o
                                        0x24a (size before relaxing)
 .debug_str     0x0000000000000227       0x55 ../src/src.a(default_lowlevel.o)
                                        0x19c (size before relaxing)
 .debug_str     0x000000000000027c       0x15 ../src/src.a(isr.o)
                                        0x154 (size before relaxing)
 .debug_str     0x0000000000000291       0x3d ../src/src.a(swi.o)
                                         0xda (size before relaxing)
 .debug_str     0x00000000000002ce       0x74 ../src/src.a(pinio.o)
                                        0x122 (size before relaxing)
 .debug_str     0x0000000000000342       0x30 obj_redbee-econotag_board/board.a(put.o)
                                         0xec (size before relaxing)
 .debug_str     0x0000000000000372       0x39 ../lib/libmc1322x.a(uart1.o)
                                        0x195 (size before relaxing)

.debug_loc      0x0000000000000000      0xf22
 *(.debug_loc)
 .debug_loc     0x0000000000000000      0x843 obj_redbee-econotag_board/eflash.o
 .debug_loc     0x0000000000000843       0xdb ../src/src.a(default_lowlevel.o)
 .debug_loc     0x000000000000091e       0x1f ../src/src.a(isr.o)
 .debug_loc     0x000000000000093d       0x83 ../src/src.a(swi.o)
 .debug_loc     0x00000000000009c0      0x431 ../src/src.a(pinio.o)
 .debug_loc     0x0000000000000df1       0xf4 obj_redbee-econotag_board/board.a(put.o)
 .debug_loc     0x0000000000000ee5       0x3d ../lib/libmc1322x.a(uart1.o)

.debug_macinfo
 *(.debug_macinfo)

.debug_weaknames
 *(.debug_weaknames)

.debug_funcnames
 *(.debug_funcnames)

.debug_typenames
 *(.debug_typenames)

.debug_varnames
 *(.debug_varnames)

.debug_pubtypes
 *(.debug_pubtypes)

.debug_ranges   0x0000000000000000      0x530
 *(.debug_ranges)
 .debug_ranges  0x0000000000000000      0x260 obj_redbee-econotag_board/eflash.o
 .debug_ranges  0x0000000000000260       0x20 ../src/src.a(default_lowlevel.o)
 .debug_ranges  0x0000000000000280       0x18 ../src/src.a(isr.o)
 .debug_ranges  0x0000000000000298       0x28 ../src/src.a(swi.o)
 .debug_ranges  0x00000000000002c0       0xd8 ../src/src.a(pinio.o)
 .debug_ranges  0x0000000000000398      0x170 obj_redbee-econotag_board/board.a(put.o)
 .debug_ranges  0x0000000000000508       0x28 ../lib/libmc1322x.a(uart1.o)

.gnu.attributes
 *(.gnu.attributes)

.note.gnu.arm.ident
 *(.note.gnu.arm.ident)

/DISCARD/
 *(.note.GNU-stack)
 *(.gnu_debuglink)
OUTPUT(eflash_redbee-econotag.elf elf32-littlearm)

.ARM.attributes
                0x0000000000000000       0x10
 .ARM.attributes
                0x0000000000000000       0x10 obj_redbee-econotag_board/eflash.o
 .ARM.attributes
                0x0000000000000010       0x10 ../src/start-romvars.o
 .ARM.attributes
                0x0000000000000020       0x10 ../src/src.a(default_lowlevel.o)
 .ARM.attributes
                0x0000000000000030       0x10 ../src/src.a(isr.o)
 .ARM.attributes
                0x0000000000000040       0x10 ../src/src.a(swi.o)
 .ARM.attributes
                0x0000000000000050       0x10 ../src/src.a(pinio.o)
 .ARM.attributes
                0x0000000000000060       0x10 obj_redbee-econotag_board/board.a(put.o)
 .ARM.attributes
                0x0000000000000070       0x10 ../lib/libmc1322x.a(uart1.o)
 .ARM.attributes
                0x0000000000000080       0x10 /home/bc/Desktop/badge/mc1322x-oe/tmp/staging/armv4t-linux/usr/lib/libc.a(memcpy.o)
