Archive member included because of file (symbol)

../src/src.a(default_lowlevel.o)
                              obj_redbee-econotag_board/flasher.o (default_vreg_init)
../src/src.a(isr.o)           ../src/start-romvars.o (irq)
../src/src.a(swi.o)           ../src/start-romvars.o (software_interrupt)
obj_redbee-econotag_board/board.a(put.o)
                              obj_redbee-econotag_board/flasher.o (putstr)
../lib/libmc1322x.a(nvm.o)    obj_redbee-econotag_board/flasher.o (nvm_detect)
../lib/libmc1322x.a(uart1.o)  ../src/src.a(default_lowlevel.o) (u1_head)

Discarded input sections

 .note.GNU-stack
                0x0000000000000000        0x0 obj_redbee-econotag_board/flasher.o
 .note.GNU-stack
                0x0000000000000000        0x0 ../src/src.a(default_lowlevel.o)
 .note.GNU-stack
                0x0000000000000000        0x0 ../src/src.a(isr.o)
 .note.GNU-stack
                0x0000000000000000        0x0 ../src/src.a(swi.o)
 .note.GNU-stack
                0x0000000000000000        0x0 obj_redbee-econotag_board/board.a(put.o)
 .note.GNU-stack
                0x0000000000000000        0x0 ../lib/libmc1322x.a(nvm.o)
 .note.GNU-stack
                0x0000000000000000        0x0 ../lib/libmc1322x.a(uart1.o)

Memory Configuration

Name             Origin             Length             Attributes
*default*        0x0000000000000000 0xffffffffffffffff

Linker script and memory map

LOAD obj_redbee-econotag_board/flasher.o
LOAD ../src/start-romvars.o
LOAD ../src/src.a
LOAD obj_redbee-econotag_board/board.a
LOAD ../lib/libmc1322x.a
LOAD /home/bc/Desktop/badge/mc1322x-oe/tmp/staging/armv4t-linux/usr/lib/libm.a
START GROUP
LOAD /home/bc/Desktop/badge/mc1322x-oe/tmp/cross/armv4t/lib/gcc/arm-linux/4.3.2/libgcc.a
LOAD /home/bc/Desktop/badge/mc1322x-oe/tmp/cross/armv4t/lib/gcc/arm-linux/4.3.2/libgcc_eh.a
LOAD /home/bc/Desktop/badge/mc1322x-oe/tmp/staging/armv4t-linux/usr/lib/libc.a
END GROUP
                0x0000000000000400                SYS_STACK_SIZE = 0x400
                0x0000000000000100                IRQ_STACK_SIZE = 0x100
                0x0000000000000100                FIQ_STACK_SIZE = 0x100
                0x0000000000000100                SVC_STACK_SIZE = 0x100
                0x0000000000000010                ABT_STACK_SIZE = 0x10
                0x0000000000000010                UND_STACK_SIZE = 0x10
                0x0000000000000400                HEAP_SIZE = 0x400
                0x0000000000400000                PROVIDE (__executable_start, 0x400000)
                0x0000000000400000                . = 0x400000

.text           0x0000000000400000     0x1940
 *start*.o(.text)
 .text          0x0000000000400000      0xfe0 ../src/start-romvars.o
                0x0000000000400864                _bss_start
                0x0000000000400868                _bss_end
                0x0000000000400860                _armboot_start
                0x0000000000400000                _start
                0x0000000000400fc0                reset_cpu
 *(.irq)
 .irq           0x0000000000400fe0      0x164 ../src/src.a(isr.o)
                0x0000000000400fe0                irq
 *(.text .stub .text.* .gnu.linkonce.t.*)
 .text          0x0000000000401144        0x0 obj_redbee-econotag_board/flasher.o
 .text.getc     0x0000000000401144       0x30 obj_redbee-econotag_board/flasher.o
                0x0000000000401144                getc
                0x000000000040114c                .real_start_ofgetc
 .text.flushrx  0x0000000000401174       0x30 obj_redbee-econotag_board/flasher.o
                0x000000000040117c                .real_start_offlushrx
                0x0000000000401174                flushrx
 .text.from_hex
                0x00000000004011a4       0x48 obj_redbee-econotag_board/flasher.o
                0x00000000004011ac                .real_start_offrom_hex
                0x00000000004011a4                from_hex
 .text.to_u32   0x00000000004011ec       0x50 obj_redbee-econotag_board/flasher.o
                0x00000000004011f4                .real_start_ofto_u32
                0x00000000004011ec                to_u32
 .text.main     0x000000000040123c      0x2fc obj_redbee-econotag_board/flasher.o
                0x0000000000401244                .real_start_ofmain
                0x000000000040123c                main
 .text          0x0000000000401538        0x0 ../src/src.a(default_lowlevel.o)
 .text.default_vreg_init
                0x0000000000401538       0x48 ../src/src.a(default_lowlevel.o)
                0x0000000000401540                .real_start_ofdefault_vreg_init
                0x0000000000401538                default_vreg_init
 .text.uart1_init
                0x0000000000401580       0x74 ../src/src.a(default_lowlevel.o)
                0x0000000000401580                uart1_init
                0x0000000000401588                .real_start_ofuart1_init
 .text          0x00000000004015f4        0x0 ../src/src.a(isr.o)
 .text          0x00000000004015f4        0x0 ../src/src.a(swi.o)
 .text.realswi  0x00000000004015f4       0x38 ../src/src.a(swi.o)
                0x00000000004015f4                realswi
 .text.supercheck
                0x000000000040162c       0x38 ../src/src.a(swi.o)
                0x000000000040162c                supercheck
 .text          0x0000000000401664        0x0 obj_redbee-econotag_board/board.a(put.o)
 .text.putchr   0x0000000000401664       0x24 obj_redbee-econotag_board/board.a(put.o)
                0x000000000040166c                .real_start_ofputchr
                0x0000000000401664                putchr
 .text.putstr   0x0000000000401688       0x34 obj_redbee-econotag_board/board.a(put.o)
                0x0000000000401690                .real_start_ofputstr
                0x0000000000401688                putstr
 .text.put_hex  0x00000000004016bc       0x48 obj_redbee-econotag_board/board.a(put.o)
                0x00000000004016c4                .real_start_ofput_hex
                0x00000000004016bc                put_hex
 .text.put_hex16
                0x0000000000401704       0x78 obj_redbee-econotag_board/board.a(put.o)
                0x0000000000401704                put_hex16
                0x000000000040170c                .real_start_ofput_hex16
 .text.put_hex32
                0x000000000040177c       0xcc obj_redbee-econotag_board/board.a(put.o)
                0x0000000000401784                .real_start_ofput_hex32
                0x000000000040177c                put_hex32
 .text          0x0000000000401848        0x0 ../lib/libmc1322x.a(nvm.o)
 .text          0x0000000000401848        0x0 ../lib/libmc1322x.a(uart1.o)
 .text.uart1_isr
                0x0000000000401848       0x60 ../lib/libmc1322x.a(uart1.o)
                0x0000000000401848                uart1_isr
                0x0000000000401850                .real_start_ofuart1_isr
 .text.uart1_putc
                0x00000000004018a8       0x74 ../lib/libmc1322x.a(uart1.o)
                0x00000000004018b0                .real_start_ofuart1_putc
                0x00000000004018a8                uart1_putc
 .text.uart1_getc
                0x000000000040191c       0x24 ../lib/libmc1322x.a(uart1.o)
                0x000000000040191c                uart1_getc
                0x0000000000401924                .real_start_ofuart1_getc
 *(.gnu.warning)
 *(.glue_7t)
 .glue_7t       0x0000000000401940        0x0 obj_redbee-econotag_board/flasher.o
 .glue_7t       0x0000000000401940        0x0 ../src/start-romvars.o
 .glue_7t       0x0000000000401940        0x0 ../src/src.a(default_lowlevel.o)
 .glue_7t       0x0000000000401940        0x0 ../src/src.a(isr.o)
 .glue_7t       0x0000000000401940        0x0 ../src/src.a(swi.o)
 .glue_7t       0x0000000000401940        0x0 obj_redbee-econotag_board/board.a(put.o)
 .glue_7t       0x0000000000401940        0x0 ../lib/libmc1322x.a(nvm.o)
 .glue_7t       0x0000000000401940        0x0 ../lib/libmc1322x.a(uart1.o)
 *(.glue_7)
 .glue_7        0x0000000000401940        0x0 obj_redbee-econotag_board/flasher.o
 .glue_7        0x0000000000401940        0x0 ../src/start-romvars.o
 .glue_7        0x0000000000401940        0x0 ../src/src.a(default_lowlevel.o)
 .glue_7        0x0000000000401940        0x0 ../src/src.a(isr.o)
 .glue_7        0x0000000000401940        0x0 ../src/src.a(swi.o)
 .glue_7        0x0000000000401940        0x0 obj_redbee-econotag_board/board.a(put.o)
 .glue_7        0x0000000000401940        0x0 ../lib/libmc1322x.a(nvm.o)
 .glue_7        0x0000000000401940        0x0 ../lib/libmc1322x.a(uart1.o)
 *(.vfp11_veneer)
 .vfp11_veneer  0x0000000000401940        0x0 obj_redbee-econotag_board/flasher.o
 .vfp11_veneer  0x0000000000401940        0x0 ../src/start-romvars.o
 .vfp11_veneer  0x0000000000401940        0x0 ../src/src.a(default_lowlevel.o)
 .vfp11_veneer  0x0000000000401940        0x0 ../src/src.a(isr.o)
 .vfp11_veneer  0x0000000000401940        0x0 ../src/src.a(swi.o)
 .vfp11_veneer  0x0000000000401940        0x0 obj_redbee-econotag_board/board.a(put.o)
 .vfp11_veneer  0x0000000000401940        0x0 ../lib/libmc1322x.a(nvm.o)
 .vfp11_veneer  0x0000000000401940        0x0 ../lib/libmc1322x.a(uart1.o)
 *(.v4_bx)
 .v4_bx         0x0000000000401940        0x0 obj_redbee-econotag_board/flasher.o
 .v4_bx         0x0000000000401940        0x0 ../src/start-romvars.o
 .v4_bx         0x0000000000401940        0x0 ../src/src.a(default_lowlevel.o)
 .v4_bx         0x0000000000401940        0x0 ../src/src.a(isr.o)
 .v4_bx         0x0000000000401940        0x0 ../src/src.a(swi.o)
 .v4_bx         0x0000000000401940        0x0 obj_redbee-econotag_board/board.a(put.o)
 .v4_bx         0x0000000000401940        0x0 ../lib/libmc1322x.a(nvm.o)
 .v4_bx         0x0000000000401940        0x0 ../lib/libmc1322x.a(uart1.o)

.swi            0x0000000000401940       0x6c
 .swi           0x0000000000401940       0x6c ../src/src.a(swi.o)
                0x0000000000401940                software_interrupt

.stack          0x00000000004019ac      0x720
                0x00000000004019ac                __stack_start__ = .
                0x0000000000401aac                . = (. + IRQ_STACK_SIZE)
 *fill*         0x00000000004019ac      0x100 00
                0x0000000000401aac                . = ALIGN (0x4)
                0x0000000000401aac                __irq_stack_top__ = .
                0x0000000000401bac                . = (. + FIQ_STACK_SIZE)
 *fill*         0x0000000000401aac      0x100 00
                0x0000000000401bac                . = ALIGN (0x4)
                0x0000000000401bac                __fiq_stack_top__ = .
                0x0000000000401cac                . = (. + SVC_STACK_SIZE)
 *fill*         0x0000000000401bac      0x100 00
                0x0000000000401cac                . = ALIGN (0x4)
                0x0000000000401cac                __svc_stack_top__ = .
                0x0000000000401cbc                . = (. + ABT_STACK_SIZE)
 *fill*         0x0000000000401cac       0x10 00
                0x0000000000401cbc                . = ALIGN (0x4)
                0x0000000000401cbc                __abt_stack_top__ = .
                0x0000000000401ccc                . = (. + UND_STACK_SIZE)
 *fill*         0x0000000000401cbc       0x10 00
                0x0000000000401ccc                . = ALIGN (0x4)
                0x0000000000401ccc                __und_stack_top__ = .
                0x00000000004020cc                . = (. + SYS_STACK_SIZE)
 *fill*         0x0000000000401ccc      0x400 00
                0x00000000004020cc                . = ALIGN (0x4)
                0x00000000004020cc                __sys_stack_top__ = .
                0x00000000004020cc                __stack_end__ = .

.interp
 *(.interp)

.note.gnu.build-id
 *(.note.gnu.build-id)

.hash
 *(.hash)

.gnu.hash
 *(.gnu.hash)

.dynsym
 *(.dynsym)

.dynstr
 *(.dynstr)

.gnu.version
 *(.gnu.version)

.gnu.version_d
 *(.gnu.version_d)

.gnu.version_r
 *(.gnu.version_r)

.rel.dyn
 *(.rel.init)
 *(.rel.text .rel.text.* .rel.gnu.linkonce.t.*)
 *(.rel.fini)
 *(.rel.rodata .rel.rodata.* .rel.gnu.linkonce.r.*)
 *(.rel.data.rel.ro* .rel.gnu.linkonce.d.rel.ro.*)
 *(.rel.data .rel.data.* .rel.gnu.linkonce.d.*)
 *(.rel.tdata .rel.tdata.* .rel.gnu.linkonce.td.*)
 *(.rel.tbss .rel.tbss.* .rel.gnu.linkonce.tb.*)
 *(.rel.ctors)
 *(.rel.dtors)
 *(.rel.got)
 *(.rel.bss .rel.bss.* .rel.gnu.linkonce.b.*)

.rela.dyn
 *(.rela.init)
 *(.rela.text .rela.text.* .rela.gnu.linkonce.t.*)
 *(.rela.fini)
 *(.rela.rodata .rela.rodata.* .rela.gnu.linkonce.r.*)
 *(.rela.data .rela.data.* .rela.gnu.linkonce.d.*)
 *(.rela.tdata .rela.tdata.* .rela.gnu.linkonce.td.*)
 *(.rela.tbss .rela.tbss.* .rela.gnu.linkonce.tb.*)
 *(.rela.ctors)
 *(.rela.dtors)
 *(.rela.got)
 *(.rela.bss .rela.bss.* .rela.gnu.linkonce.b.*)

.rel.plt
 *(.rel.plt)

.rela.plt
 *(.rela.plt)

.init
 *(.init)

.plt
 *(.plt)

.fini
 *(.fini)
                0x00000000004020cc                PROVIDE (__etext, .)
                0x00000000004020cc                PROVIDE (_etext, .)
                0x00000000004020cc                PROVIDE (etext, .)

.rodata         0x00000000004020cc       0xf6
 *(.rodata .rodata.* .gnu.linkonce.r.*)
 .rodata.str1.1
                0x00000000004020cc       0x9c obj_redbee-econotag_board/flasher.o
                                         0x9f (size before relaxing)
 .rodata.str1.1
                0x0000000000402168       0x4a ../src/src.a(swi.o)
                                         0x64 (size before relaxing)
 .rodata        0x00000000004021b2       0x10 obj_redbee-econotag_board/board.a(put.o)
                0x00000000004021b2                hex

.rodata1
 *(.rodata1)

.eh_frame_hdr
 *(.eh_frame_hdr)

.eh_frame
 *(.eh_frame)

.gcc_except_table
 *(.gcc_except_table .gcc_except_table.*)
                0x00000000004021c4                . = ALIGN (0x4)
                0x00000000004021c4                . = (0x4 DATA_SEGMENT_ALIGN 0x4)

.eh_frame
 *(.eh_frame)

.gcc_except_table
 *(.gcc_except_table .gcc_except_table.*)

.tdata
 *(.tdata .tdata.* .gnu.linkonce.td.*)

.tbss
 *(.tbss .tbss.* .gnu.linkonce.tb.*)
 *(.tcommon)

.preinit_array  0x00000000004021c4        0x0
                0x00000000004021c4                PROVIDE (__preinit_array_start, .)
 *(.preinit_array)
                0x00000000004021c4                PROVIDE (__preinit_array_end, .)

.init_array     0x00000000004021c4        0x0
                0x00000000004021c4                PROVIDE (__init_array_start, .)
 *(SORT(.init_array.*))
 *(.init_array)
                0x00000000004021c4                PROVIDE (__init_array_end, .)

.fini_array     0x00000000004021c4        0x0
                0x00000000004021c4                PROVIDE (__fini_array_start, .)
 *(.fini_array)
 *(SORT(.fini_array.*))
                0x00000000004021c4                PROVIDE (__fini_array_end, .)

.ctors
 *crtbegin.o(.ctors)
 *crtbegin?.o(.ctors)
 *(EXCLUDE_FILE(*crtend?.o *crtend.o) .ctors)
 *(SORT(.ctors.*))
 *(.ctors)

.dtors
 *crtbegin.o(.dtors)
 *crtbegin?.o(.dtors)
 *(EXCLUDE_FILE(*crtend?.o *crtend.o) .dtors)
 *(SORT(.dtors.*))
 *(.dtors)

.jcr
 *(.jcr)

.data.rel.ro
 *(.data.rel.ro.local* .gnu.linkonce.d.rel.ro.local.*)
 *(.data.rel.ro* .gnu.linkonce.d.rel.ro.*)

.dynamic
 *(.dynamic)
                0x00000000004021c4                . = (. DATA_SEGMENT_RELRO_END 0x0)

.got
 *(.got.plt)
 *(.got)

.data           0x00000000004021c4       0x18
                0x00000000004021c4                __data_start = .
 *(.data .data.* .gnu.linkonce.d.*)
 .data          0x00000000004021c4        0x0 obj_redbee-econotag_board/flasher.o
 .data          0x00000000004021c4        0x0 ../src/start-romvars.o
 .data          0x00000000004021c4        0x0 ../src/src.a(default_lowlevel.o)
 .data          0x00000000004021c4        0x0 ../src/src.a(isr.o)
 .data          0x00000000004021c4        0x0 ../src/src.a(swi.o)
 .data          0x00000000004021c4        0x0 obj_redbee-econotag_board/board.a(put.o)
 .data          0x00000000004021c4       0x18 ../lib/libmc1322x.a(nvm.o)
                0x00000000004021d4                nvm_erase
                0x00000000004021d8                nvm_setsvar
                0x00000000004021c8                nvm_read
                0x00000000004021d0                nvm_verify
                0x00000000004021cc                nvm_write
                0x00000000004021c4                nvm_detect
 .data          0x00000000004021dc        0x0 ../lib/libmc1322x.a(uart1.o)

.data1
 *(.data1)
                0x00000000004021dc                _edata = .
                0x00000000004021dc                PROVIDE (edata, .)
                0x00000000004021dc                __bss_start = .
                0x00000000004021dc                __bss_start__ = .

.bss            0x00000000004021dc       0x48
 *(.dynbss)
 *(.bss .bss.* .gnu.linkonce.b.*)
 .bss           0x00000000004021dc        0x0 obj_redbee-econotag_board/flasher.o
 .bss           0x00000000004021dc        0x0 ../src/start-romvars.o
 .bss           0x00000000004021dc        0x0 ../src/src.a(default_lowlevel.o)
 .bss           0x00000000004021dc        0x0 ../src/src.a(isr.o)
 .bss           0x00000000004021dc        0x0 ../src/src.a(swi.o)
 .bss           0x00000000004021dc        0x0 obj_redbee-econotag_board/board.a(put.o)
 .bss           0x00000000004021dc        0x0 ../lib/libmc1322x.a(nvm.o)
 .bss           0x00000000004021dc       0x48 ../lib/libmc1322x.a(uart1.o)
                0x00000000004021e4                u1_tx_buf
                0x00000000004021e0                u1_tail
                0x00000000004021dc                u1_head
 *(COMMON)
                0x0000000000402224                . = ALIGN ((. != 0x0)?0x4:0x1)
                0x0000000000402224                _bss_end__ = .
                0x0000000000402224                __bss_end__ = .
                0x0000000000402224                . = ALIGN (0x4)

.heap           0x0000000000402224      0x400
                0x0000000000402224                __heap_start__ = .
 *(.heap)
                0x0000000000402624                . = (. + HEAP_SIZE)
 *fill*         0x0000000000402224      0x400 00
                0x0000000000402624                . = ALIGN (0x4)
                0x0000000000402624                __heap_end__ = .
                0x0000000000402624                . = ALIGN (0x4)
                0x0000000000402624                __end__ = .
                0x0000000000402624                _end = .
                0x0000000000402624                PROVIDE (end, .)
                0x0000000000402624                . = DATA_SEGMENT_END (.)

.stab           0x0000000000000000      0x18c
 *(.stab)
 .stab          0x0000000000000000      0x18c ../src/start-romvars.o

.stabstr        0x0000000000000000       0x27
 *(.stabstr)
 .stabstr       0x0000000000000000       0x27 ../src/start-romvars.o

.stab.excl
 *(.stab.excl)

.stab.exclstr
 *(.stab.exclstr)

.stab.index
 *(.stab.index)

.stab.indexstr
 *(.stab.indexstr)

.comment        0x0000000000000000       0x7e
 *(.comment)
 .comment       0x0000000000000000       0x12 obj_redbee-econotag_board/flasher.o
 .comment       0x0000000000000012       0x12 ../src/src.a(default_lowlevel.o)
 .comment       0x0000000000000024       0x12 ../src/src.a(isr.o)
 .comment       0x0000000000000036       0x12 ../src/src.a(swi.o)
 .comment       0x0000000000000048       0x12 obj_redbee-econotag_board/board.a(put.o)
 .comment       0x000000000000005a       0x12 ../lib/libmc1322x.a(nvm.o)
 .comment       0x000000000000006c       0x12 ../lib/libmc1322x.a(uart1.o)

.debug
 *(.debug)

.line
 *(.line)

.debug_srcinfo
 *(.debug_srcinfo)

.debug_sfnames
 *(.debug_sfnames)

.debug_aranges  0x0000000000000000      0x128
 *(.debug_aranges)
 .debug_aranges
                0x0000000000000000       0x40 obj_redbee-econotag_board/flasher.o
 .debug_aranges
                0x0000000000000040       0x28 ../src/src.a(default_lowlevel.o)
 .debug_aranges
                0x0000000000000068       0x20 ../src/src.a(isr.o)
 .debug_aranges
                0x0000000000000088       0x30 ../src/src.a(swi.o)
 .debug_aranges
                0x00000000000000b8       0x40 obj_redbee-econotag_board/board.a(put.o)
 .debug_aranges
                0x00000000000000f8       0x30 ../lib/libmc1322x.a(uart1.o)

.debug_pubnames
                0x0000000000000000      0x202
 *(.debug_pubnames)
 .debug_pubnames
                0x0000000000000000       0x48 obj_redbee-econotag_board/flasher.o
 .debug_pubnames
                0x0000000000000048       0x37 ../src/src.a(default_lowlevel.o)
 .debug_pubnames
                0x000000000000007f       0x1a ../src/src.a(isr.o)
 .debug_pubnames
                0x0000000000000099       0x44 ../src/src.a(swi.o)
 .debug_pubnames
                0x00000000000000dd       0x58 obj_redbee-econotag_board/board.a(put.o)
 .debug_pubnames
                0x0000000000000135       0x69 ../lib/libmc1322x.a(nvm.o)
 .debug_pubnames
                0x000000000000019e       0x64 ../lib/libmc1322x.a(uart1.o)

.debug_info     0x0000000000000000      0xe29
 *(.debug_info .gnu.linkonce.wi.*)
 .debug_info    0x0000000000000000      0x444 obj_redbee-econotag_board/flasher.o
 .debug_info    0x0000000000000444      0x162 ../src/src.a(default_lowlevel.o)
 .debug_info    0x00000000000005a6       0xe2 ../src/src.a(isr.o)
 .debug_info    0x0000000000000688       0xd3 ../src/src.a(swi.o)
 .debug_info    0x000000000000075b      0x360 obj_redbee-econotag_board/board.a(put.o)
 .debug_info    0x0000000000000abb      0x1fc ../lib/libmc1322x.a(nvm.o)
 .debug_info    0x0000000000000cb7      0x172 ../lib/libmc1322x.a(uart1.o)

.debug_abbrev   0x0000000000000000      0x64a
 *(.debug_abbrev)
 .debug_abbrev  0x0000000000000000      0x1e5 obj_redbee-econotag_board/flasher.o
 .debug_abbrev  0x00000000000001e5       0xb6 ../src/src.a(default_lowlevel.o)
 .debug_abbrev  0x000000000000029b       0x7e ../src/src.a(isr.o)
 .debug_abbrev  0x0000000000000319       0x92 ../src/src.a(swi.o)
 .debug_abbrev  0x00000000000003ab      0x140 obj_redbee-econotag_board/board.a(put.o)
 .debug_abbrev  0x00000000000004eb       0x89 ../lib/libmc1322x.a(nvm.o)
 .debug_abbrev  0x0000000000000574       0xd6 ../lib/libmc1322x.a(uart1.o)

.debug_line     0x0000000000000000      0x528
 *(.debug_line)
 .debug_line    0x0000000000000000      0x158 obj_redbee-econotag_board/flasher.o
 .debug_line    0x0000000000000158       0xa0 ../src/src.a(default_lowlevel.o)
 .debug_line    0x00000000000001f8       0x7e ../src/src.a(isr.o)
 .debug_line    0x0000000000000276       0x6b ../src/src.a(swi.o)
 .debug_line    0x00000000000002e1      0x159 obj_redbee-econotag_board/board.a(put.o)
 .debug_line    0x000000000000043a       0x50 ../lib/libmc1322x.a(nvm.o)
 .debug_line    0x000000000000048a       0x9e ../lib/libmc1322x.a(uart1.o)

.debug_frame    0x0000000000000000      0x234
 *(.debug_frame)
 .debug_frame   0x0000000000000000       0x84 obj_redbee-econotag_board/flasher.o
 .debug_frame   0x0000000000000084       0x3c ../src/src.a(default_lowlevel.o)
 .debug_frame   0x00000000000000c0       0x40 ../src/src.a(isr.o)
 .debug_frame   0x0000000000000100       0x64 ../src/src.a(swi.o)
 .debug_frame   0x0000000000000164       0x84 obj_redbee-econotag_board/board.a(put.o)
 .debug_frame   0x00000000000001e8       0x4c ../lib/libmc1322x.a(uart1.o)

.debug_str      0x0000000000000000      0x48f
 *(.debug_str)
 .debug_str     0x0000000000000000      0x352 obj_redbee-econotag_board/flasher.o
                                        0x370 (size before relaxing)
 .debug_str     0x0000000000000352       0x55 ../src/src.a(default_lowlevel.o)
                                        0x19c (size before relaxing)
 .debug_str     0x00000000000003a7       0x15 ../src/src.a(isr.o)
                                        0x154 (size before relaxing)
 .debug_str     0x00000000000003bc       0x3d ../src/src.a(swi.o)
                                         0xda (size before relaxing)
 .debug_str     0x00000000000003f9       0x30 obj_redbee-econotag_board/board.a(put.o)
                                         0xec (size before relaxing)
 .debug_str     0x0000000000000429       0x2d ../lib/libmc1322x.a(nvm.o)
                                        0x28a (size before relaxing)
 .debug_str     0x0000000000000456       0x39 ../lib/libmc1322x.a(uart1.o)
                                        0x195 (size before relaxing)

.debug_loc      0x0000000000000000      0x71f
 *(.debug_loc)
 .debug_loc     0x0000000000000000      0x471 obj_redbee-econotag_board/flasher.o
 .debug_loc     0x0000000000000471       0xdb ../src/src.a(default_lowlevel.o)
 .debug_loc     0x000000000000054c       0x1f ../src/src.a(isr.o)
 .debug_loc     0x000000000000056b       0x83 ../src/src.a(swi.o)
 .debug_loc     0x00000000000005ee       0xf4 obj_redbee-econotag_board/board.a(put.o)
 .debug_loc     0x00000000000006e2       0x3d ../lib/libmc1322x.a(uart1.o)

.debug_macinfo
 *(.debug_macinfo)

.debug_weaknames
 *(.debug_weaknames)

.debug_funcnames
 *(.debug_funcnames)

.debug_typenames
 *(.debug_typenames)

.debug_varnames
 *(.debug_varnames)

.debug_pubtypes
 *(.debug_pubtypes)

.debug_ranges   0x0000000000000000      0x2b0
 *(.debug_ranges)
 .debug_ranges  0x0000000000000000       0xb8 obj_redbee-econotag_board/flasher.o
 .debug_ranges  0x00000000000000b8       0x20 ../src/src.a(default_lowlevel.o)
 .debug_ranges  0x00000000000000d8       0x18 ../src/src.a(isr.o)
 .debug_ranges  0x00000000000000f0       0x28 ../src/src.a(swi.o)
 .debug_ranges  0x0000000000000118      0x170 obj_redbee-econotag_board/board.a(put.o)
 .debug_ranges  0x0000000000000288       0x28 ../lib/libmc1322x.a(uart1.o)

.gnu.attributes
 *(.gnu.attributes)

.note.gnu.arm.ident
 *(.note.gnu.arm.ident)

/DISCARD/
 *(.note.GNU-stack)
 *(.gnu_debuglink)
OUTPUT(flasher_redbee-econotag.elf elf32-littlearm)

.ARM.attributes
                0x0000000000000000       0x10
 .ARM.attributes
                0x0000000000000000       0x10 obj_redbee-econotag_board/flasher.o
 .ARM.attributes
                0x0000000000000010       0x10 ../src/start-romvars.o
 .ARM.attributes
                0x0000000000000020       0x10 ../src/src.a(default_lowlevel.o)
 .ARM.attributes
                0x0000000000000030       0x10 ../src/src.a(isr.o)
 .ARM.attributes
                0x0000000000000040       0x10 ../src/src.a(swi.o)
 .ARM.attributes
                0x0000000000000050       0x10 obj_redbee-econotag_board/board.a(put.o)
 .ARM.attributes
                0x0000000000000060       0x10 ../lib/libmc1322x.a(nvm.o)
 .ARM.attributes
                0x0000000000000070       0x10 ../lib/libmc1322x.a(uart1.o)
