Archive member included because of file (symbol)

../src/src.a(default_lowlevel.o)
                              obj_redbee-econotag_board/spiflashtest.o (default_vreg_init)
../src/src.a(isr.o)           ../src/start.o (irq)
../src/src.a(swi.o)           ../src/start.o (software_interrupt)
../src/src.a(pinio.o)         obj_redbee-econotag_board/spiflashtest.o (pinFunc)
obj_redbee-econotag_board/board.a(put.o)
                              ../src/src.a(swi.o) (putstr)
../lib/libmc1322x.a(uart1.o)  ../src/src.a(default_lowlevel.o) (u1_head)
/home/bc/Desktop/badge/mc1322x-oe/tmp/staging/armv4t-linux/usr/lib/libc.a(memcpy.o)
                              obj_redbee-econotag_board/spiflashtest.o (memcpy)

Discarded input sections

 .note.GNU-stack
                0x0000000000000000        0x0 obj_redbee-econotag_board/spiflashtest.o
 .note.GNU-stack
                0x0000000000000000        0x0 ../src/src.a(default_lowlevel.o)
 .note.GNU-stack
                0x0000000000000000        0x0 ../src/src.a(isr.o)
 .note.GNU-stack
                0x0000000000000000        0x0 ../src/src.a(swi.o)
 .note.GNU-stack
                0x0000000000000000        0x0 ../src/src.a(pinio.o)
 .note.GNU-stack
                0x0000000000000000        0x0 obj_redbee-econotag_board/board.a(put.o)
 .note.GNU-stack
                0x0000000000000000        0x0 ../lib/libmc1322x.a(uart1.o)
 .note.GNU-stack
                0x0000000000000000        0x0 /home/bc/Desktop/badge/mc1322x-oe/tmp/staging/armv4t-linux/usr/lib/libc.a(memcpy.o)

Memory Configuration

Name             Origin             Length             Attributes
*default*        0x0000000000000000 0xffffffffffffffff

Linker script and memory map

LOAD obj_redbee-econotag_board/spiflashtest.o
LOAD ../src/start.o
LOAD ../src/src.a
LOAD obj_redbee-econotag_board/board.a
LOAD ../lib/libmc1322x.a
LOAD /home/bc/Desktop/badge/mc1322x-oe/tmp/staging/armv4t-linux/usr/lib/libm.a
START GROUP
LOAD /home/bc/Desktop/badge/mc1322x-oe/tmp/cross/armv4t/lib/gcc/arm-linux/4.3.2/libgcc.a
LOAD /home/bc/Desktop/badge/mc1322x-oe/tmp/cross/armv4t/lib/gcc/arm-linux/4.3.2/libgcc_eh.a
LOAD /home/bc/Desktop/badge/mc1322x-oe/tmp/staging/armv4t-linux/usr/lib/libc.a
END GROUP
                0x0000000000000400                SYS_STACK_SIZE = 0x400
                0x0000000000000100                IRQ_STACK_SIZE = 0x100
                0x0000000000000100                FIQ_STACK_SIZE = 0x100
                0x0000000000000100                SVC_STACK_SIZE = 0x100
                0x0000000000000010                ABT_STACK_SIZE = 0x10
                0x0000000000000010                UND_STACK_SIZE = 0x10
                0x0000000000000400                HEAP_SIZE = 0x400
                0x0000000000400000                PROVIDE (__executable_start, 0x400000)
                0x0000000000400000                . = 0x400000

.text           0x0000000000400000     0x18d0
 *start*.o(.text)
 .text          0x0000000000400000      0x800 ../src/start.o
                0x0000000000400084                _bss_start
                0x0000000000400088                _bss_end
                0x0000000000400080                _armboot_start
                0x0000000000400000                _start
                0x00000000004007e0                reset_cpu
 *(.irq)
 .irq           0x0000000000400800      0x164 ../src/src.a(isr.o)
                0x0000000000400800                irq
 *(.text .stub .text.* .gnu.linkonce.t.*)
 .text          0x0000000000400964        0x0 obj_redbee-econotag_board/spiflashtest.o
 .text.dbg_put_hex
                0x0000000000400964        0xc obj_redbee-econotag_board/spiflashtest.o
                0x000000000040096c                .real_start_ofdbg_put_hex
                0x0000000000400964                dbg_put_hex
 .text.dbg_putstr
                0x0000000000400970        0xc obj_redbee-econotag_board/spiflashtest.o
                0x0000000000400978                .real_start_ofdbg_putstr
                0x0000000000400970                dbg_putstr
 .text.delaycs  0x000000000040097c       0x2c obj_redbee-econotag_board/spiflashtest.o
                0x0000000000400984                .real_start_ofdelaycs
                0x000000000040097c                delaycs
 .text.flash_init
                0x00000000004009a8       0x60 obj_redbee-econotag_board/spiflashtest.o
                0x00000000004009a8                flash_init
                0x00000000004009b0                .real_start_offlash_init
 .text.spi_op   0x0000000000400a08       0x70 obj_redbee-econotag_board/spiflashtest.o
                0x0000000000400a08                spi_op
                0x0000000000400a10                .real_start_ofspi_op
 .text.flash_bytewrite
                0x0000000000400a78       0x6c obj_redbee-econotag_board/spiflashtest.o
                0x0000000000400a78                flash_bytewrite
                0x0000000000400a80                .real_start_offlash_bytewrite
 .text.flash_read
                0x0000000000400ae4       0x7c obj_redbee-econotag_board/spiflashtest.o
                0x0000000000400ae4                flash_read
                0x0000000000400aec                .real_start_offlash_read
 .text.flash_secterase
                0x0000000000400b60       0x64 obj_redbee-econotag_board/spiflashtest.o
                0x0000000000400b60                flash_secterase
                0x0000000000400b68                .real_start_offlash_secterase
 .text.flash_wrsr
                0x0000000000400bc4       0x94 obj_redbee-econotag_board/spiflashtest.o
                0x0000000000400bc4                flash_wrsr
                0x0000000000400bcc                .real_start_offlash_wrsr
 .text.flash_wren
                0x0000000000400c58       0x48 obj_redbee-econotag_board/spiflashtest.o
                0x0000000000400c58                flash_wren
                0x0000000000400c60                .real_start_offlash_wren
 .text.flash_rdsr
                0x0000000000400ca0       0x50 obj_redbee-econotag_board/spiflashtest.o
                0x0000000000400ca8                .real_start_offlash_rdsr
                0x0000000000400ca0                flash_rdsr
 .text.flash_readid
                0x0000000000400cf0       0x90 obj_redbee-econotag_board/spiflashtest.o
                0x0000000000400cf8                .real_start_offlash_readid
                0x0000000000400cf0                flash_readid
 .text.main     0x0000000000400d80      0x260 obj_redbee-econotag_board/spiflashtest.o
                0x0000000000400d88                .real_start_ofmain
                0x0000000000400d80                main
 .text          0x0000000000400fe0        0x0 ../src/src.a(default_lowlevel.o)
 .text.default_vreg_init
                0x0000000000400fe0       0x48 ../src/src.a(default_lowlevel.o)
                0x0000000000400fe8                .real_start_ofdefault_vreg_init
                0x0000000000400fe0                default_vreg_init
 .text.uart1_init
                0x0000000000401028       0x74 ../src/src.a(default_lowlevel.o)
                0x0000000000401028                uart1_init
                0x0000000000401030                .real_start_ofuart1_init
 .text          0x000000000040109c        0x0 ../src/src.a(isr.o)
 .text          0x000000000040109c        0x0 ../src/src.a(swi.o)
 .text.realswi  0x000000000040109c       0x38 ../src/src.a(swi.o)
                0x000000000040109c                realswi
 .text.supercheck
                0x00000000004010d4       0x38 ../src/src.a(swi.o)
                0x00000000004010d4                supercheck
 .text          0x000000000040110c        0x0 ../src/src.a(pinio.o)
 .text.pinFunc  0x000000000040110c       0x5c ../src/src.a(pinio.o)
                0x000000000040110c                pinFunc
                0x0000000000401114                .real_start_ofpinFunc
 .text.pinPullupSelect
                0x0000000000401168       0x3c ../src/src.a(pinio.o)
                0x0000000000401168                pinPullupSelect
                0x0000000000401170                .real_start_ofpinPullupSelect
 .text.pinPullupEnable
                0x00000000004011a4       0x3c ../src/src.a(pinio.o)
                0x00000000004011a4                pinPullupEnable
                0x00000000004011ac                .real_start_ofpinPullupEnable
 .text.pinDirection
                0x00000000004011e0       0x3c ../src/src.a(pinio.o)
                0x00000000004011e0                pinDirection
                0x00000000004011e8                .real_start_ofpinDirection
 .text.shiftMsb
                0x000000000040121c       0xb8 ../src/src.a(pinio.o)
                0x0000000000401224                .real_start_ofshiftMsb
                0x000000000040121c                shiftMsb
 .text.setPin   0x00000000004012d4       0x44 ../src/src.a(pinio.o)
                0x00000000004012d4                setPin
                0x00000000004012dc                .real_start_ofsetPin
 .text.getPin   0x0000000000401318       0x30 ../src/src.a(pinio.o)
                0x0000000000401320                .real_start_ofgetPin
                0x0000000000401318                getPin
 .text          0x0000000000401348        0x0 obj_redbee-econotag_board/board.a(put.o)
 .text.putchr   0x0000000000401348       0x24 obj_redbee-econotag_board/board.a(put.o)
                0x0000000000401350                .real_start_ofputchr
                0x0000000000401348                putchr
 .text.putstr   0x000000000040136c       0x34 obj_redbee-econotag_board/board.a(put.o)
                0x0000000000401374                .real_start_ofputstr
                0x000000000040136c                putstr
 .text.put_hex  0x00000000004013a0       0x48 obj_redbee-econotag_board/board.a(put.o)
                0x00000000004013a8                .real_start_ofput_hex
                0x00000000004013a0                put_hex
 .text.put_hex16
                0x00000000004013e8       0x78 obj_redbee-econotag_board/board.a(put.o)
                0x00000000004013e8                put_hex16
                0x00000000004013f0                .real_start_ofput_hex16
 .text.put_hex32
                0x0000000000401460       0xcc obj_redbee-econotag_board/board.a(put.o)
                0x0000000000401468                .real_start_ofput_hex32
                0x0000000000401460                put_hex32
 .text          0x000000000040152c        0x0 ../lib/libmc1322x.a(uart1.o)
 .text.uart1_isr
                0x000000000040152c       0x60 ../lib/libmc1322x.a(uart1.o)
                0x000000000040152c                uart1_isr
                0x0000000000401534                .real_start_ofuart1_isr
 .text.uart1_putc
                0x000000000040158c       0x74 ../lib/libmc1322x.a(uart1.o)
                0x0000000000401594                .real_start_ofuart1_putc
                0x000000000040158c                uart1_putc
 .text.uart1_getc
                0x0000000000401600       0x24 ../lib/libmc1322x.a(uart1.o)
                0x0000000000401600                uart1_getc
                0x0000000000401608                .real_start_ofuart1_getc
 *fill*         0x0000000000401624        0xc 00000000
 .text          0x0000000000401630      0x2a0 /home/bc/Desktop/badge/mc1322x-oe/tmp/staging/armv4t-linux/usr/lib/libc.a(memcpy.o)
                0x0000000000401630                memcpy
 *(.gnu.warning)
 *(.glue_7t)
 .glue_7t       0x00000000004018d0        0x0 obj_redbee-econotag_board/spiflashtest.o
 .glue_7t       0x00000000004018d0        0x0 ../src/start.o
 .glue_7t       0x00000000004018d0        0x0 ../src/src.a(default_lowlevel.o)
 .glue_7t       0x00000000004018d0        0x0 ../src/src.a(isr.o)
 .glue_7t       0x00000000004018d0        0x0 ../src/src.a(swi.o)
 .glue_7t       0x00000000004018d0        0x0 ../src/src.a(pinio.o)
 .glue_7t       0x00000000004018d0        0x0 obj_redbee-econotag_board/board.a(put.o)
 .glue_7t       0x00000000004018d0        0x0 ../lib/libmc1322x.a(uart1.o)
 .glue_7t       0x00000000004018d0        0x0 /home/bc/Desktop/badge/mc1322x-oe/tmp/staging/armv4t-linux/usr/lib/libc.a(memcpy.o)
 *(.glue_7)
 .glue_7        0x00000000004018d0        0x0 obj_redbee-econotag_board/spiflashtest.o
 .glue_7        0x00000000004018d0        0x0 ../src/start.o
 .glue_7        0x00000000004018d0        0x0 ../src/src.a(default_lowlevel.o)
 .glue_7        0x00000000004018d0        0x0 ../src/src.a(isr.o)
 .glue_7        0x00000000004018d0        0x0 ../src/src.a(swi.o)
 .glue_7        0x00000000004018d0        0x0 ../src/src.a(pinio.o)
 .glue_7        0x00000000004018d0        0x0 obj_redbee-econotag_board/board.a(put.o)
 .glue_7        0x00000000004018d0        0x0 ../lib/libmc1322x.a(uart1.o)
 .glue_7        0x00000000004018d0        0x0 /home/bc/Desktop/badge/mc1322x-oe/tmp/staging/armv4t-linux/usr/lib/libc.a(memcpy.o)
 *(.vfp11_veneer)
 .vfp11_veneer  0x00000000004018d0        0x0 obj_redbee-econotag_board/spiflashtest.o
 .vfp11_veneer  0x00000000004018d0        0x0 ../src/start.o
 .vfp11_veneer  0x00000000004018d0        0x0 ../src/src.a(default_lowlevel.o)
 .vfp11_veneer  0x00000000004018d0        0x0 ../src/src.a(isr.o)
 .vfp11_veneer  0x00000000004018d0        0x0 ../src/src.a(swi.o)
 .vfp11_veneer  0x00000000004018d0        0x0 ../src/src.a(pinio.o)
 .vfp11_veneer  0x00000000004018d0        0x0 obj_redbee-econotag_board/board.a(put.o)
 .vfp11_veneer  0x00000000004018d0        0x0 ../lib/libmc1322x.a(uart1.o)
 .vfp11_veneer  0x00000000004018d0        0x0 /home/bc/Desktop/badge/mc1322x-oe/tmp/staging/armv4t-linux/usr/lib/libc.a(memcpy.o)
 *(.v4_bx)
 .v4_bx         0x00000000004018d0        0x0 obj_redbee-econotag_board/spiflashtest.o
 .v4_bx         0x00000000004018d0        0x0 ../src/start.o
 .v4_bx         0x00000000004018d0        0x0 ../src/src.a(default_lowlevel.o)
 .v4_bx         0x00000000004018d0        0x0 ../src/src.a(isr.o)
 .v4_bx         0x00000000004018d0        0x0 ../src/src.a(swi.o)
 .v4_bx         0x00000000004018d0        0x0 ../src/src.a(pinio.o)
 .v4_bx         0x00000000004018d0        0x0 obj_redbee-econotag_board/board.a(put.o)
 .v4_bx         0x00000000004018d0        0x0 ../lib/libmc1322x.a(uart1.o)
 .v4_bx         0x00000000004018d0        0x0 /home/bc/Desktop/badge/mc1322x-oe/tmp/staging/armv4t-linux/usr/lib/libc.a(memcpy.o)

.swi            0x00000000004018d0       0x6c
 .swi           0x00000000004018d0       0x6c ../src/src.a(swi.o)
                0x00000000004018d0                software_interrupt

.stack          0x000000000040193c      0x720
                0x000000000040193c                __stack_start__ = .
                0x0000000000401a3c                . = (. + IRQ_STACK_SIZE)
 *fill*         0x000000000040193c      0x100 00
                0x0000000000401a3c                . = ALIGN (0x4)
                0x0000000000401a3c                __irq_stack_top__ = .
                0x0000000000401b3c                . = (. + FIQ_STACK_SIZE)
 *fill*         0x0000000000401a3c      0x100 00
                0x0000000000401b3c                . = ALIGN (0x4)
                0x0000000000401b3c                __fiq_stack_top__ = .
                0x0000000000401c3c                . = (. + SVC_STACK_SIZE)
 *fill*         0x0000000000401b3c      0x100 00
                0x0000000000401c3c                . = ALIGN (0x4)
                0x0000000000401c3c                __svc_stack_top__ = .
                0x0000000000401c4c                . = (. + ABT_STACK_SIZE)
 *fill*         0x0000000000401c3c       0x10 00
                0x0000000000401c4c                . = ALIGN (0x4)
                0x0000000000401c4c                __abt_stack_top__ = .
                0x0000000000401c5c                . = (. + UND_STACK_SIZE)
 *fill*         0x0000000000401c4c       0x10 00
                0x0000000000401c5c                . = ALIGN (0x4)
                0x0000000000401c5c                __und_stack_top__ = .
                0x000000000040205c                . = (. + SYS_STACK_SIZE)
 *fill*         0x0000000000401c5c      0x400 00
                0x000000000040205c                . = ALIGN (0x4)
                0x000000000040205c                __sys_stack_top__ = .
                0x000000000040205c                __stack_end__ = .

.interp
 *(.interp)

.note.gnu.build-id
 *(.note.gnu.build-id)

.hash
 *(.hash)

.gnu.hash
 *(.gnu.hash)

.dynsym
 *(.dynsym)

.dynstr
 *(.dynstr)

.gnu.version
 *(.gnu.version)

.gnu.version_d
 *(.gnu.version_d)

.gnu.version_r
 *(.gnu.version_r)

.rel.dyn
 *(.rel.init)
 *(.rel.text .rel.text.* .rel.gnu.linkonce.t.*)
 *(.rel.fini)
 *(.rel.rodata .rel.rodata.* .rel.gnu.linkonce.r.*)
 *(.rel.data.rel.ro* .rel.gnu.linkonce.d.rel.ro.*)
 *(.rel.data .rel.data.* .rel.gnu.linkonce.d.*)
 *(.rel.tdata .rel.tdata.* .rel.gnu.linkonce.td.*)
 *(.rel.tbss .rel.tbss.* .rel.gnu.linkonce.tb.*)
 *(.rel.ctors)
 *(.rel.dtors)
 *(.rel.got)
 *(.rel.bss .rel.bss.* .rel.gnu.linkonce.b.*)

.rela.dyn
 *(.rela.init)
 *(.rela.text .rela.text.* .rela.gnu.linkonce.t.*)
 *(.rela.fini)
 *(.rela.rodata .rela.rodata.* .rela.gnu.linkonce.r.*)
 *(.rela.data .rela.data.* .rela.gnu.linkonce.d.*)
 *(.rela.tdata .rela.tdata.* .rela.gnu.linkonce.td.*)
 *(.rela.tbss .rela.tbss.* .rela.gnu.linkonce.tb.*)
 *(.rela.ctors)
 *(.rela.dtors)
 *(.rela.got)
 *(.rela.bss .rela.bss.* .rela.gnu.linkonce.b.*)

.rel.plt
 *(.rel.plt)

.rela.plt
 *(.rela.plt)

.init
 *(.init)

.plt
 *(.plt)

.fini
 *(.fini)
                0x000000000040205c                PROVIDE (__etext, .)
                0x000000000040205c                PROVIDE (_etext, .)
                0x000000000040205c                PROVIDE (etext, .)

.rodata         0x000000000040205c       0x64
 *(.rodata .rodata.* .gnu.linkonce.r.*)
 .rodata        0x000000000040205c        0xa obj_redbee-econotag_board/spiflashtest.o
 .rodata.str1.1
                0x0000000000402066       0x4a ../src/src.a(swi.o)
                                         0x64 (size before relaxing)
 .rodata        0x00000000004020b0       0x10 obj_redbee-econotag_board/board.a(put.o)
                0x00000000004020b0                hex

.rodata1
 *(.rodata1)

.eh_frame_hdr
 *(.eh_frame_hdr)

.eh_frame
 *(.eh_frame)

.gcc_except_table
 *(.gcc_except_table .gcc_except_table.*)
                0x00000000004020c0                . = ALIGN (0x4)
                0x00000000004020c0                . = (0x4 DATA_SEGMENT_ALIGN 0x4)

.eh_frame
 *(.eh_frame)

.gcc_except_table
 *(.gcc_except_table .gcc_except_table.*)

.tdata
 *(.tdata .tdata.* .gnu.linkonce.td.*)

.tbss
 *(.tbss .tbss.* .gnu.linkonce.tb.*)
 *(.tcommon)

.preinit_array  0x00000000004020c0        0x0
                0x00000000004020c0                PROVIDE (__preinit_array_start, .)
 *(.preinit_array)
                0x00000000004020c0                PROVIDE (__preinit_array_end, .)

.init_array     0x00000000004020c0        0x0
                0x00000000004020c0                PROVIDE (__init_array_start, .)
 *(SORT(.init_array.*))
 *(.init_array)
                0x00000000004020c0                PROVIDE (__init_array_end, .)

.fini_array     0x00000000004020c0        0x0
                0x00000000004020c0                PROVIDE (__fini_array_start, .)
 *(.fini_array)
 *(SORT(.fini_array.*))
                0x00000000004020c0                PROVIDE (__fini_array_end, .)

.ctors
 *crtbegin.o(.ctors)
 *crtbegin?.o(.ctors)
 *(EXCLUDE_FILE(*crtend?.o *crtend.o) .ctors)
 *(SORT(.ctors.*))
 *(.ctors)

.dtors
 *crtbegin.o(.dtors)
 *crtbegin?.o(.dtors)
 *(EXCLUDE_FILE(*crtend?.o *crtend.o) .dtors)
 *(SORT(.dtors.*))
 *(.dtors)

.jcr
 *(.jcr)

.data.rel.ro
 *(.data.rel.ro.local* .gnu.linkonce.d.rel.ro.local.*)
 *(.data.rel.ro* .gnu.linkonce.d.rel.ro.*)

.dynamic
 *(.dynamic)
                0x00000000004020c0                . = (. DATA_SEGMENT_RELRO_END 0x0)

.got
 *(.got.plt)
 *(.got)

.data           0x00000000004020c0        0x0
                0x00000000004020c0                __data_start = .
 *(.data .data.* .gnu.linkonce.d.*)
 .data          0x00000000004020c0        0x0 obj_redbee-econotag_board/spiflashtest.o
 .data          0x00000000004020c0        0x0 ../src/start.o
 .data          0x00000000004020c0        0x0 ../src/src.a(default_lowlevel.o)
 .data          0x00000000004020c0        0x0 ../src/src.a(isr.o)
 .data          0x00000000004020c0        0x0 ../src/src.a(swi.o)
 .data          0x00000000004020c0        0x0 ../src/src.a(pinio.o)
 .data          0x00000000004020c0        0x0 obj_redbee-econotag_board/board.a(put.o)
 .data          0x00000000004020c0        0x0 ../lib/libmc1322x.a(uart1.o)
 .data          0x00000000004020c0        0x0 /home/bc/Desktop/badge/mc1322x-oe/tmp/staging/armv4t-linux/usr/lib/libc.a(memcpy.o)

.data1
 *(.data1)
                0x00000000004020c0                _edata = .
                0x00000000004020c0                PROVIDE (edata, .)
                0x00000000004020c0                __bss_start = .
                0x00000000004020c0                __bss_start__ = .

.bss            0x00000000004020c0       0x48
 *(.dynbss)
 *(.bss .bss.* .gnu.linkonce.b.*)
 .bss           0x00000000004020c0        0x0 obj_redbee-econotag_board/spiflashtest.o
 .bss           0x00000000004020c0        0x0 ../src/start.o
 .bss           0x00000000004020c0        0x0 ../src/src.a(default_lowlevel.o)
 .bss           0x00000000004020c0        0x0 ../src/src.a(isr.o)
 .bss           0x00000000004020c0        0x0 ../src/src.a(swi.o)
 .bss           0x00000000004020c0        0x0 ../src/src.a(pinio.o)
 .bss           0x00000000004020c0        0x0 obj_redbee-econotag_board/board.a(put.o)
 .bss           0x00000000004020c0       0x48 ../lib/libmc1322x.a(uart1.o)
                0x00000000004020c8                u1_tx_buf
                0x00000000004020c4                u1_tail
                0x00000000004020c0                u1_head
 .bss           0x0000000000402108        0x0 /home/bc/Desktop/badge/mc1322x-oe/tmp/staging/armv4t-linux/usr/lib/libc.a(memcpy.o)
 *(COMMON)
                0x0000000000402108                . = ALIGN ((. != 0x0)?0x4:0x1)
                0x0000000000402108                _bss_end__ = .
                0x0000000000402108                __bss_end__ = .
                0x0000000000402108                . = ALIGN (0x4)

.heap           0x0000000000402108      0x400
                0x0000000000402108                __heap_start__ = .
 *(.heap)
                0x0000000000402508                . = (. + HEAP_SIZE)
 *fill*         0x0000000000402108      0x400 00
                0x0000000000402508                . = ALIGN (0x4)
                0x0000000000402508                __heap_end__ = .
                0x0000000000402508                . = ALIGN (0x4)
                0x0000000000402508                __end__ = .
                0x0000000000402508                _end = .
                0x0000000000402508                PROVIDE (end, .)
                0x0000000000402508                . = DATA_SEGMENT_END (.)

.stab           0x0000000000000000      0x150
 *(.stab)
 .stab          0x0000000000000000      0x150 ../src/start.o

.stabstr        0x0000000000000000       0x1f
 *(.stabstr)
 .stabstr       0x0000000000000000       0x1f ../src/start.o

.stab.excl
 *(.stab.excl)

.stab.exclstr
 *(.stab.exclstr)

.stab.index
 *(.stab.index)

.stab.indexstr
 *(.stab.indexstr)

.comment        0x0000000000000000       0x7e
 *(.comment)
 .comment       0x0000000000000000       0x12 obj_redbee-econotag_board/spiflashtest.o
 .comment       0x0000000000000012       0x12 ../src/src.a(default_lowlevel.o)
 .comment       0x0000000000000024       0x12 ../src/src.a(isr.o)
 .comment       0x0000000000000036       0x12 ../src/src.a(swi.o)
 .comment       0x0000000000000048       0x12 ../src/src.a(pinio.o)
 .comment       0x000000000000005a       0x12 obj_redbee-econotag_board/board.a(put.o)
 .comment       0x000000000000006c       0x12 ../lib/libmc1322x.a(uart1.o)

.debug
 *(.debug)

.line
 *(.line)

.debug_srcinfo
 *(.debug_srcinfo)

.debug_sfnames
 *(.debug_sfnames)

.debug_aranges  0x0000000000000000      0x1b8
 *(.debug_aranges)
 .debug_aranges
                0x0000000000000000       0x80 obj_redbee-econotag_board/spiflashtest.o
 .debug_aranges
                0x0000000000000080       0x28 ../src/src.a(default_lowlevel.o)
 .debug_aranges
                0x00000000000000a8       0x20 ../src/src.a(isr.o)
 .debug_aranges
                0x00000000000000c8       0x30 ../src/src.a(swi.o)
 .debug_aranges
                0x00000000000000f8       0x50 ../src/src.a(pinio.o)
 .debug_aranges
                0x0000000000000148       0x40 obj_redbee-econotag_board/board.a(put.o)
 .debug_aranges
                0x0000000000000188       0x30 ../lib/libmc1322x.a(uart1.o)

.debug_pubnames
                0x0000000000000000      0x2a0
 *(.debug_pubnames)
 .debug_pubnames
                0x0000000000000000       0xd5 obj_redbee-econotag_board/spiflashtest.o
 .debug_pubnames
                0x00000000000000d5       0x37 ../src/src.a(default_lowlevel.o)
 .debug_pubnames
                0x000000000000010c       0x1a ../src/src.a(isr.o)
 .debug_pubnames
                0x0000000000000126       0x44 ../src/src.a(swi.o)
 .debug_pubnames
                0x000000000000016a       0x7a ../src/src.a(pinio.o)
 .debug_pubnames
                0x00000000000001e4       0x58 obj_redbee-econotag_board/board.a(put.o)
 .debug_pubnames
                0x000000000000023c       0x64 ../lib/libmc1322x.a(uart1.o)

.debug_info     0x0000000000000000     0x109f
 *(.debug_info .gnu.linkonce.wi.*)
 .debug_info    0x0000000000000000      0x560 obj_redbee-econotag_board/spiflashtest.o
 .debug_info    0x0000000000000560      0x162 ../src/src.a(default_lowlevel.o)
 .debug_info    0x00000000000006c2       0xe2 ../src/src.a(isr.o)
 .debug_info    0x00000000000007a4       0xd3 ../src/src.a(swi.o)
 .debug_info    0x0000000000000877      0x356 ../src/src.a(pinio.o)
 .debug_info    0x0000000000000bcd      0x360 obj_redbee-econotag_board/board.a(put.o)
 .debug_info    0x0000000000000f2d      0x172 ../lib/libmc1322x.a(uart1.o)

.debug_abbrev   0x0000000000000000      0x72f
 *(.debug_abbrev)
 .debug_abbrev  0x0000000000000000      0x1c7 obj_redbee-econotag_board/spiflashtest.o
 .debug_abbrev  0x00000000000001c7       0xb6 ../src/src.a(default_lowlevel.o)
 .debug_abbrev  0x000000000000027d       0x7e ../src/src.a(isr.o)
 .debug_abbrev  0x00000000000002fb       0x92 ../src/src.a(swi.o)
 .debug_abbrev  0x000000000000038d      0x18c ../src/src.a(pinio.o)
 .debug_abbrev  0x0000000000000519      0x140 obj_redbee-econotag_board/board.a(put.o)
 .debug_abbrev  0x0000000000000659       0xd6 ../lib/libmc1322x.a(uart1.o)

.debug_line     0x0000000000000000      0x6b5
 *(.debug_line)
 .debug_line    0x0000000000000000      0x229 obj_redbee-econotag_board/spiflashtest.o
 .debug_line    0x0000000000000229       0xa0 ../src/src.a(default_lowlevel.o)
 .debug_line    0x00000000000002c9       0x7e ../src/src.a(isr.o)
 .debug_line    0x0000000000000347       0x6b ../src/src.a(swi.o)
 .debug_line    0x00000000000003b2      0x10c ../src/src.a(pinio.o)
 .debug_line    0x00000000000004be      0x159 obj_redbee-econotag_board/board.a(put.o)
 .debug_line    0x0000000000000617       0x9e ../lib/libmc1322x.a(uart1.o)

.debug_frame    0x0000000000000000      0x3b8
 *(.debug_frame)
 .debug_frame   0x0000000000000000      0x168 obj_redbee-econotag_board/spiflashtest.o
 .debug_frame   0x0000000000000168       0x3c ../src/src.a(default_lowlevel.o)
 .debug_frame   0x00000000000001a4       0x40 ../src/src.a(isr.o)
 .debug_frame   0x00000000000001e4       0x64 ../src/src.a(swi.o)
 .debug_frame   0x0000000000000248       0xa0 ../src/src.a(pinio.o)
 .debug_frame   0x00000000000002e8       0x84 obj_redbee-econotag_board/board.a(put.o)
 .debug_frame   0x000000000000036c       0x4c ../lib/libmc1322x.a(uart1.o)

.debug_str      0x0000000000000000      0x360
 *(.debug_str)
 .debug_str     0x0000000000000000      0x152 obj_redbee-econotag_board/spiflashtest.o
                                        0x170 (size before relaxing)
 .debug_str     0x0000000000000152       0xee ../src/src.a(default_lowlevel.o)
                                        0x19c (size before relaxing)
 .debug_str     0x0000000000000240       0x15 ../src/src.a(isr.o)
                                        0x154 (size before relaxing)
 .debug_str     0x0000000000000255       0x3d ../src/src.a(swi.o)
                                         0xda (size before relaxing)
 .debug_str     0x0000000000000292       0x74 ../src/src.a(pinio.o)
                                        0x122 (size before relaxing)
 .debug_str     0x0000000000000306       0x21 obj_redbee-econotag_board/board.a(put.o)
                                         0xec (size before relaxing)
 .debug_str     0x0000000000000327       0x39 ../lib/libmc1322x.a(uart1.o)
                                        0x195 (size before relaxing)

.debug_loc      0x0000000000000000      0xb61
 *(.debug_loc)
 .debug_loc     0x0000000000000000      0x482 obj_redbee-econotag_board/spiflashtest.o
 .debug_loc     0x0000000000000482       0xdb ../src/src.a(default_lowlevel.o)
 .debug_loc     0x000000000000055d       0x1f ../src/src.a(isr.o)
 .debug_loc     0x000000000000057c       0x83 ../src/src.a(swi.o)
 .debug_loc     0x00000000000005ff      0x431 ../src/src.a(pinio.o)
 .debug_loc     0x0000000000000a30       0xf4 obj_redbee-econotag_board/board.a(put.o)
 .debug_loc     0x0000000000000b24       0x3d ../lib/libmc1322x.a(uart1.o)

.debug_macinfo
 *(.debug_macinfo)

.debug_weaknames
 *(.debug_weaknames)

.debug_funcnames
 *(.debug_funcnames)

.debug_typenames
 *(.debug_typenames)

.debug_varnames
 *(.debug_varnames)

.debug_pubtypes
 *(.debug_pubtypes)

.debug_ranges   0x0000000000000000      0x390
 *(.debug_ranges)
 .debug_ranges  0x0000000000000000       0xc0 obj_redbee-econotag_board/spiflashtest.o
 .debug_ranges  0x00000000000000c0       0x20 ../src/src.a(default_lowlevel.o)
 .debug_ranges  0x00000000000000e0       0x18 ../src/src.a(isr.o)
 .debug_ranges  0x00000000000000f8       0x28 ../src/src.a(swi.o)
 .debug_ranges  0x0000000000000120       0xd8 ../src/src.a(pinio.o)
 .debug_ranges  0x00000000000001f8      0x170 obj_redbee-econotag_board/board.a(put.o)
 .debug_ranges  0x0000000000000368       0x28 ../lib/libmc1322x.a(uart1.o)

.gnu.attributes
 *(.gnu.attributes)

.note.gnu.arm.ident
 *(.note.gnu.arm.ident)

/DISCARD/
 *(.note.GNU-stack)
 *(.gnu_debuglink)
OUTPUT(spiflashtest_redbee-econotag.elf elf32-littlearm)

.ARM.attributes
                0x0000000000000000       0x10
 .ARM.attributes
                0x0000000000000000       0x10 obj_redbee-econotag_board/spiflashtest.o
 .ARM.attributes
                0x0000000000000010       0x10 ../src/start.o
 .ARM.attributes
                0x0000000000000020       0x10 ../src/src.a(default_lowlevel.o)
 .ARM.attributes
                0x0000000000000030       0x10 ../src/src.a(isr.o)
 .ARM.attributes
                0x0000000000000040       0x10 ../src/src.a(swi.o)
 .ARM.attributes
                0x0000000000000050       0x10 ../src/src.a(pinio.o)
 .ARM.attributes
                0x0000000000000060       0x10 obj_redbee-econotag_board/board.a(put.o)
 .ARM.attributes
                0x0000000000000070       0x10 ../lib/libmc1322x.a(uart1.o)
 .ARM.attributes
                0x0000000000000080       0x10 /home/bc/Desktop/badge/mc1322x-oe/tmp/staging/armv4t-linux/usr/lib/libc.a(memcpy.o)
